Archive member included to satisfy reference by file (symbol)

c:/program files/vscodestmtools/arm-none-eabi-gcc/12.2.1-1.2.1/.content/bin/../lib/gcc/arm-none-eabi/12.2.1/../../../../arm-none-eabi/lib/thumb/v7e-m+fp/hard\libc_nano.a(libc_a-atexit.o)
                              c:/program files/vscodestmtools/arm-none-eabi-gcc/12.2.1-1.2.1/.content/bin/../lib/gcc/arm-none-eabi/12.2.1/../../../../arm-none-eabi/lib/thumb/v7e-m+fp/hard/crt0.o (atexit)
c:/program files/vscodestmtools/arm-none-eabi-gcc/12.2.1-1.2.1/.content/bin/../lib/gcc/arm-none-eabi/12.2.1/../../../../arm-none-eabi/lib/thumb/v7e-m+fp/hard\libc_nano.a(libc_a-exit.o)
                              c:/program files/vscodestmtools/arm-none-eabi-gcc/12.2.1-1.2.1/.content/bin/../lib/gcc/arm-none-eabi/12.2.1/../../../../arm-none-eabi/lib/thumb/v7e-m+fp/hard/crt0.o (exit)
c:/program files/vscodestmtools/arm-none-eabi-gcc/12.2.1-1.2.1/.content/bin/../lib/gcc/arm-none-eabi/12.2.1/../../../../arm-none-eabi/lib/thumb/v7e-m+fp/hard\libc_nano.a(libc_a-findfp.o)
                              c:/program files/vscodestmtools/arm-none-eabi-gcc/12.2.1-1.2.1/.content/bin/../lib/gcc/arm-none-eabi/12.2.1/../../../../arm-none-eabi/lib/thumb/v7e-m+fp/hard\libc_nano.a(libc_a-exit.o) (__stdio_exit_handler)
c:/program files/vscodestmtools/arm-none-eabi-gcc/12.2.1-1.2.1/.content/bin/../lib/gcc/arm-none-eabi/12.2.1/../../../../arm-none-eabi/lib/thumb/v7e-m+fp/hard\libc_nano.a(libc_a-fwalk.o)
                              c:/program files/vscodestmtools/arm-none-eabi-gcc/12.2.1-1.2.1/.content/bin/../lib/gcc/arm-none-eabi/12.2.1/../../../../arm-none-eabi/lib/thumb/v7e-m+fp/hard\libc_nano.a(libc_a-findfp.o) (_fwalk_sglue)
c:/program files/vscodestmtools/arm-none-eabi-gcc/12.2.1-1.2.1/.content/bin/../lib/gcc/arm-none-eabi/12.2.1/../../../../arm-none-eabi/lib/thumb/v7e-m+fp/hard\libc_nano.a(libc_a-stdio.o)
                              c:/program files/vscodestmtools/arm-none-eabi-gcc/12.2.1-1.2.1/.content/bin/../lib/gcc/arm-none-eabi/12.2.1/../../../../arm-none-eabi/lib/thumb/v7e-m+fp/hard\libc_nano.a(libc_a-findfp.o) (__sread)
c:/program files/vscodestmtools/arm-none-eabi-gcc/12.2.1-1.2.1/.content/bin/../lib/gcc/arm-none-eabi/12.2.1/../../../../arm-none-eabi/lib/thumb/v7e-m+fp/hard\libc_nano.a(libc_a-memset.o)
                              c:/program files/vscodestmtools/arm-none-eabi-gcc/12.2.1-1.2.1/.content/bin/../lib/gcc/arm-none-eabi/12.2.1/../../../../arm-none-eabi/lib/thumb/v7e-m+fp/hard/crt0.o (memset)
c:/program files/vscodestmtools/arm-none-eabi-gcc/12.2.1-1.2.1/.content/bin/../lib/gcc/arm-none-eabi/12.2.1/../../../../arm-none-eabi/lib/thumb/v7e-m+fp/hard\libc_nano.a(libc_a-closer.o)
                              c:/program files/vscodestmtools/arm-none-eabi-gcc/12.2.1-1.2.1/.content/bin/../lib/gcc/arm-none-eabi/12.2.1/../../../../arm-none-eabi/lib/thumb/v7e-m+fp/hard\libc_nano.a(libc_a-stdio.o) (_close_r)
c:/program files/vscodestmtools/arm-none-eabi-gcc/12.2.1-1.2.1/.content/bin/../lib/gcc/arm-none-eabi/12.2.1/../../../../arm-none-eabi/lib/thumb/v7e-m+fp/hard\libc_nano.a(libc_a-reent.o)
                              c:/program files/vscodestmtools/arm-none-eabi-gcc/12.2.1-1.2.1/.content/bin/../lib/gcc/arm-none-eabi/12.2.1/../../../../arm-none-eabi/lib/thumb/v7e-m+fp/hard\libc_nano.a(libc_a-closer.o) (errno)
c:/program files/vscodestmtools/arm-none-eabi-gcc/12.2.1-1.2.1/.content/bin/../lib/gcc/arm-none-eabi/12.2.1/../../../../arm-none-eabi/lib/thumb/v7e-m+fp/hard\libc_nano.a(libc_a-impure.o)
                              c:/program files/vscodestmtools/arm-none-eabi-gcc/12.2.1-1.2.1/.content/bin/../lib/gcc/arm-none-eabi/12.2.1/../../../../arm-none-eabi/lib/thumb/v7e-m+fp/hard\libc_nano.a(libc_a-reent.o) (_impure_ptr)
c:/program files/vscodestmtools/arm-none-eabi-gcc/12.2.1-1.2.1/.content/bin/../lib/gcc/arm-none-eabi/12.2.1/../../../../arm-none-eabi/lib/thumb/v7e-m+fp/hard\libc_nano.a(libc_a-lseekr.o)
                              c:/program files/vscodestmtools/arm-none-eabi-gcc/12.2.1-1.2.1/.content/bin/../lib/gcc/arm-none-eabi/12.2.1/../../../../arm-none-eabi/lib/thumb/v7e-m+fp/hard\libc_nano.a(libc_a-stdio.o) (_lseek_r)
c:/program files/vscodestmtools/arm-none-eabi-gcc/12.2.1-1.2.1/.content/bin/../lib/gcc/arm-none-eabi/12.2.1/../../../../arm-none-eabi/lib/thumb/v7e-m+fp/hard\libc_nano.a(libc_a-readr.o)
                              c:/program files/vscodestmtools/arm-none-eabi-gcc/12.2.1-1.2.1/.content/bin/../lib/gcc/arm-none-eabi/12.2.1/../../../../arm-none-eabi/lib/thumb/v7e-m+fp/hard\libc_nano.a(libc_a-stdio.o) (_read_r)
c:/program files/vscodestmtools/arm-none-eabi-gcc/12.2.1-1.2.1/.content/bin/../lib/gcc/arm-none-eabi/12.2.1/../../../../arm-none-eabi/lib/thumb/v7e-m+fp/hard\libc_nano.a(libc_a-writer.o)
                              c:/program files/vscodestmtools/arm-none-eabi-gcc/12.2.1-1.2.1/.content/bin/../lib/gcc/arm-none-eabi/12.2.1/../../../../arm-none-eabi/lib/thumb/v7e-m+fp/hard\libc_nano.a(libc_a-stdio.o) (_write_r)
[...]
Memory Configuration

Name             Origin             Length             Attributes
RAM              0x0000000020000000 0x0000000000020000 xrw
FLASH            0x0000000008000000 0x0000000000080000 xr
*default*        0x0000000000000000 0xffffffffffffffff

Linker script and memory map

LOAD c:/program files/vscodestmtools/arm-none-eabi-gcc/12.2.1-1.2.1/.content/bin/../lib/gcc/arm-none-eabi/12.2.1/thumb/v7e-m+fp/hard/crti.o
LOAD c:/program files/vscodestmtools/arm-none-eabi-gcc/12.2.1-1.2.1/.content/bin/../lib/gcc/arm-none-eabi/12.2.1/thumb/v7e-m+fp/hard/crtbegin.o
LOAD c:/program files/vscodestmtools/arm-none-eabi-gcc/12.2.1-1.2.1/.content/bin/../lib/gcc/arm-none-eabi/12.2.1/../../../../arm-none-eabi/lib/thumb/v7e-m+fp/hard/crt0.o
LOAD build_TenzoBoard/startup_stm32g474xx.o
LOAD build_TenzoBoard/main.o
LOAD build_TenzoBoard/gpio.o
LOAD build_TenzoBoard/adc.o
LOAD build_TenzoBoard/dma.o
LOAD build_TenzoBoard/fdcan.o
LOAD build_TenzoBoard/spi.o
LOAD build_TenzoBoard/tim.o
LOAD build_TenzoBoard/usart.o
LOAD build_TenzoBoard/stm32g4xx_it.o
LOAD build_TenzoBoard/stm32g4xx_hal_msp.o
LOAD build_TenzoBoard/stm32g4xx_hal_adc.o
LOAD build_TenzoBoard/stm32g4xx_hal_adc_ex.o
LOAD build_TenzoBoard/stm32g4xx_ll_adc.o
LOAD build_TenzoBoard/stm32g4xx_hal.o
LOAD build_TenzoBoard/stm32g4xx_hal_rcc.o
LOAD build_TenzoBoard/stm32g4xx_hal_rcc_ex.o
LOAD build_TenzoBoard/stm32g4xx_hal_flash.o
LOAD build_TenzoBoard/stm32g4xx_hal_flash_ex.o
LOAD build_TenzoBoard/stm32g4xx_hal_flash_ramfunc.o
LOAD build_TenzoBoard/stm32g4xx_hal_gpio.o
LOAD build_TenzoBoard/stm32g4xx_hal_exti.o
LOAD build_TenzoBoard/stm32g4xx_hal_dma.o
LOAD build_TenzoBoard/stm32g4xx_hal_dma_ex.o
LOAD build_TenzoBoard/stm32g4xx_hal_pwr.o
LOAD build_TenzoBoard/stm32g4xx_hal_pwr_ex.o
LOAD build_TenzoBoard/stm32g4xx_hal_cortex.o
LOAD build_TenzoBoard/stm32g4xx_hal_fdcan.o
LOAD build_TenzoBoard/stm32g4xx_hal_spi.o
LOAD build_TenzoBoard/stm32g4xx_hal_spi_ex.o
LOAD build_TenzoBoard/stm32g4xx_hal_tim.o
LOAD build_TenzoBoard/stm32g4xx_hal_tim_ex.o
LOAD build_TenzoBoard/stm32g4xx_hal_uart.o
LOAD build_TenzoBoard/stm32g4xx_hal_uart_ex.o
LOAD build_TenzoBoard/system_stm32g4xx.o
LOAD build_TenzoBoard/App.o
LOAD build_TenzoBoard/ProtocolMbRtuSlaveCtrl.o
LOAD build_TenzoBoard/BSP.o
LOAD build_TenzoBoard/ModbusSS.o
LOAD c:/program files/vscodestmtools/arm-none-eabi-gcc/12.2.1-1.2.1/.content/bin/../lib/gcc/arm-none-eabi/12.2.1/../../../../arm-none-eabi/lib/thumb/v7e-m+fp/hard\libc_nano.a
LOAD c:/program files/vscodestmtools/arm-none-eabi-gcc/12.2.1-1.2.1/.content/bin/../lib/gcc/arm-none-eabi/12.2.1/../../../../arm-none-eabi/lib/thumb/v7e-m+fp/hard\libm.a
LOAD c:/program files/vscodestmtools/arm-none-eabi-gcc/12.2.1-1.2.1/.content/bin/../lib/gcc/arm-none-eabi/12.2.1/../../../../arm-none-eabi/lib/thumb/v7e-m+fp/hard\libnosys.a
START GROUP
LOAD c:/program files/vscodestmtools/arm-none-eabi-gcc/12.2.1-1.2.1/.content/bin/../lib/gcc/arm-none-eabi/12.2.1/thumb/v7e-m+fp/hard\libgcc.a
LOAD c:/program files/vscodestmtools/arm-none-eabi-gcc/12.2.1-1.2.1/.content/bin/../lib/gcc/arm-none-eabi/12.2.1/../../../../arm-none-eabi/lib/thumb/v7e-m+fp/hard\libc_nano.a
END GROUP
START GROUP
LOAD c:/program files/vscodestmtools/arm-none-eabi-gcc/12.2.1-1.2.1/.content/bin/../lib/gcc/arm-none-eabi/12.2.1/thumb/v7e-m+fp/hard\libgcc.a
LOAD c:/program files/vscodestmtools/arm-none-eabi-gcc/12.2.1-1.2.1/.content/bin/../lib/gcc/arm-none-eabi/12.2.1/../../../../arm-none-eabi/lib/thumb/v7e-m+fp/hard\libc_nano.a
END GROUP
LOAD c:/program files/vscodestmtools/arm-none-eabi-gcc/12.2.1-1.2.1/.content/bin/../lib/gcc/arm-none-eabi/12.2.1/thumb/v7e-m+fp/hard/crtend.o
LOAD c:/program files/vscodestmtools/arm-none-eabi-gcc/12.2.1-1.2.1/.content/bin/../lib/gcc/arm-none-eabi/12.2.1/thumb/v7e-m+fp/hard/crtn.o
                0x0000000020020000                _estack = (ORIGIN (RAM) + LENGTH (RAM))
                0x0000000000002000                _Min_Heap_Size = 0x2000
                0x0000000000004000                _Min_Stack_Size = 0x4000

.isr_vector     0x0000000008000000      0x1d8
                0x0000000008000000                . = ALIGN (0x4)
 *(.isr_vector)
 .isr_vector    0x0000000008000000      0x1d8 build_TenzoBoard/startup_stm32g474xx.o
                0x0000000008000000                g_pfnVectors
                0x00000000080001d8                . = ALIGN (0x4)

.text           0x00000000080001d8     0x5028
                0x00000000080001d8                . = ALIGN (0x4)
 *(.text)
 .text          0x00000000080001d8       0x30 c:/program files/vscodestmtools/arm-none-eabi-gcc/12.2.1-1.2.1/.content/bin/../lib/gcc/arm-none-eabi/12.2.1/thumb/v7e-m+fp/hard\libgcc.a(_aeabi_uldivmod.o)
                0x00000000080001d8                __aeabi_uldivmod
 .text          0x0000000008000208        0x4 c:/program files/vscodestmtools/arm-none-eabi-gcc/12.2.1-1.2.1/.content/bin/../lib/gcc/arm-none-eabi/12.2.1/thumb/v7e-m+fp/hard\libgcc.a(_dvmd_tls.o)
                0x0000000008000208                __aeabi_idiv0
                0x0000000008000208                __aeabi_ldiv0
 *(.text*)
 .text.__do_global_dtors_aux
                0x000000000800020c       0x24 c:/program files/vscodestmtools/arm-none-eabi-gcc/12.2.1-1.2.1/.content/bin/../lib/gcc/arm-none-eabi/12.2.1/thumb/v7e-m+fp/hard/crtbegin.o
 .text.frame_dummy
                0x0000000008000230       0x1c c:/program files/vscodestmtools/arm-none-eabi-gcc/12.2.1-1.2.1/.content/bin/../lib/gcc/arm-none-eabi/12.2.1/thumb/v7e-m+fp/hard/crtbegin.o
 .text.Reset_Handler
                0x000000000800024c       0x50 build_TenzoBoard/startup_stm32g474xx.o
                0x000000000800024c                Reset_Handler
 .text.Default_Handler
                0x000000000800029c        0x2 build_TenzoBoard/startup_stm32g474xx.o
                0x000000000800029c                RTC_Alarm_IRQHandler
                0x000000000800029c                EXTI2_IRQHandler
                0x000000000800029c                TIM8_TRG_COM_IRQHandler
                0x000000000800029c                TIM8_CC_IRQHandler
                0x000000000800029c                HRTIM1_Master_IRQHandler
                0x000000000800029c                SPI4_IRQHandler
                0x000000000800029c                FDCAN3_IT0_IRQHandler
                0x000000000800029c                TIM1_CC_IRQHandler
                0x000000000800029c                HRTIM1_FLT_IRQHandler
                0x000000000800029c                HRTIM1_TIMF_IRQHandler
                0x000000000800029c                USB_HP_IRQHandler
                0x000000000800029c                CORDIC_IRQHandler
                0x000000000800029c                HRTIM1_TIMD_IRQHandler
                0x000000000800029c                DMA2_Channel8_IRQHandler
                0x000000000800029c                EXTI3_IRQHandler
                0x000000000800029c                I2C3_ER_IRQHandler
                0x000000000800029c                EXTI0_IRQHandler
                0x000000000800029c                I2C2_EV_IRQHandler
                0x000000000800029c                FPU_IRQHandler
                0x000000000800029c                FDCAN1_IT1_IRQHandler
                0x000000000800029c                TIM1_UP_TIM16_IRQHandler
                0x000000000800029c                HRTIM1_TIME_IRQHandler
                0x000000000800029c                SPI1_IRQHandler
                0x000000000800029c                TIM6_DAC_IRQHandler
                0x000000000800029c                HRTIM1_TIMC_IRQHandler
                0x000000000800029c                TIM8_UP_IRQHandler
                0x000000000800029c                DMA2_Channel2_IRQHandler
                0x000000000800029c                DMA1_Channel4_IRQHandler
                0x000000000800029c                TIM20_TRG_COM_IRQHandler
                0x000000000800029c                USART3_IRQHandler
                0x000000000800029c                DMA1_Channel7_IRQHandler
                0x000000000800029c                UART5_IRQHandler
                0x000000000800029c                ADC3_IRQHandler
                0x000000000800029c                TIM4_IRQHandler
                0x000000000800029c                DMA2_Channel1_IRQHandler
                0x000000000800029c                QUADSPI_IRQHandler
                0x000000000800029c                I2C1_EV_IRQHandler
                0x000000000800029c                DMA1_Channel6_IRQHandler
                0x000000000800029c                UART4_IRQHandler
                0x000000000800029c                DMA2_Channel4_IRQHandler
                0x000000000800029c                TIM3_IRQHandler
                0x000000000800029c                RCC_IRQHandler
                0x000000000800029c                TIM20_UP_IRQHandler
                0x000000000800029c                Default_Handler
                0x000000000800029c                DMA2_Channel7_IRQHandler
                0x000000000800029c                RTC_TAMP_LSECSS_IRQHandler
                0x000000000800029c                FMAC_IRQHandler
                0x000000000800029c                EXTI15_10_IRQHandler
                0x000000000800029c                DMA1_Channel8_IRQHandler
                0x000000000800029c                HRTIM1_TIMA_IRQHandler
                0x000000000800029c                FDCAN3_IT1_IRQHandler
                0x000000000800029c                TIM5_IRQHandler
                0x000000000800029c                UCPD1_IRQHandler
                0x000000000800029c                I2C3_EV_IRQHandler
                0x000000000800029c                EXTI9_5_IRQHandler
                0x000000000800029c                RTC_WKUP_IRQHandler
                0x000000000800029c                PVD_PVM_IRQHandler
                0x000000000800029c                SPI2_IRQHandler
                0x000000000800029c                ADC5_IRQHandler
                0x000000000800029c                DMA2_Channel5_IRQHandler
                0x000000000800029c                CRS_IRQHandler
                0x000000000800029c                DMA1_Channel5_IRQHandler
                0x000000000800029c                USB_LP_IRQHandler
                0x000000000800029c                EXTI4_IRQHandler
                0x000000000800029c                RNG_IRQHandler
                0x000000000800029c                HRTIM1_TIMB_IRQHandler
                0x000000000800029c                TIM1_TRG_COM_TIM17_IRQHandler
                0x000000000800029c                FDCAN2_IT1_IRQHandler
                0x000000000800029c                DMA1_Channel3_IRQHandler
                0x000000000800029c                ADC4_IRQHandler
                0x000000000800029c                WWDG_IRQHandler
                0x000000000800029c                I2C4_EV_IRQHandler
                0x000000000800029c                FDCAN2_IT0_IRQHandler
                0x000000000800029c                LPUART1_IRQHandler
                0x000000000800029c                DMA2_Channel6_IRQHandler
                0x000000000800029c                FDCAN1_IT0_IRQHandler
                0x000000000800029c                TIM2_IRQHandler
                0x000000000800029c                COMP7_IRQHandler
                0x000000000800029c                COMP1_2_3_IRQHandler
                0x000000000800029c                EXTI1_IRQHandler
                0x000000000800029c                USART2_IRQHandler
                0x000000000800029c                COMP4_5_6_IRQHandler
                0x000000000800029c                TIM20_BRK_IRQHandler
                0x000000000800029c                I2C2_ER_IRQHandler
                0x000000000800029c                TIM8_BRK_IRQHandler
                0x000000000800029c                FLASH_IRQHandler
                0x000000000800029c                TIM20_CC_IRQHandler
                0x000000000800029c                SPI3_IRQHandler
                0x000000000800029c                I2C1_ER_IRQHandler
                0x000000000800029c                FMC_IRQHandler
                0x000000000800029c                LPTIM1_IRQHandler
                0x000000000800029c                DMAMUX_OVR_IRQHandler
                0x000000000800029c                I2C4_ER_IRQHandler
                0x000000000800029c                USBWakeUp_IRQHandler
                0x000000000800029c                SAI1_IRQHandler
                0x000000000800029c                DMA2_Channel3_IRQHandler
                0x000000000800029c                TIM1_BRK_TIM15_IRQHandler
 .text.Error_Handler
                0x000000000800029e        0x4 build_TenzoBoard/main.o
                0x000000000800029e                Error_Handler
 .text.SystemClock_Config
                0x00000000080002a2       0x72 build_TenzoBoard/main.o
                0x00000000080002a2                SystemClock_Config
 .text.main     0x0000000008000314       0x2c build_TenzoBoard/main.o
                0x0000000008000314                main
 .text.MX_GPIO_Init
                0x0000000008000340       0xac build_TenzoBoard/gpio.o
                0x0000000008000340                MX_GPIO_Init
 .text.MX_ADC2_Init
                0x00000000080003ec       0xc8 build_TenzoBoard/adc.o
                0x00000000080003ec                MX_ADC2_Init
 .text.HAL_ADC_MspInit
                0x00000000080004b4       0xc0 build_TenzoBoard/adc.o
                0x00000000080004b4                HAL_ADC_MspInit
 .text.MX_DMA_Init
                0x0000000008000574       0x54 build_TenzoBoard/dma.o
                0x0000000008000574                MX_DMA_Init
 .text.MX_FDCAN3_Init
                0x00000000080005c8       0x48 build_TenzoBoard/fdcan.o
                0x00000000080005c8                MX_FDCAN3_Init
 .text.HAL_FDCAN_MspInit
                0x0000000008000610       0x90 build_TenzoBoard/fdcan.o
                0x0000000008000610                HAL_FDCAN_MspInit
 .text.MX_SPI2_Init
                0x00000000080006a0       0x50 build_TenzoBoard/spi.o
                0x00000000080006a0                MX_SPI2_Init
 .text.HAL_SPI_MspInit
                0x00000000080006f0       0x68 build_TenzoBoard/spi.o
                0x00000000080006f0                HAL_SPI_MspInit
 .text.MX_TIM6_Init
                0x0000000008000758       0x54 build_TenzoBoard/tim.o
                0x0000000008000758                MX_TIM6_Init
 .text.HAL_TIM_Base_MspInit
                0x00000000080007ac       0x80 build_TenzoBoard/tim.o
                0x00000000080007ac                HAL_TIM_Base_MspInit
 .text.HAL_TIM_MspPostInit
                0x000000000800082c       0x54 build_TenzoBoard/tim.o
                0x000000000800082c                HAL_TIM_MspPostInit
 .text.MX_TIM1_Init
                0x0000000008000880       0xfc build_TenzoBoard/tim.o
                0x0000000008000880                MX_TIM1_Init
 .text.MX_USART1_UART_Init
                0x000000000800097c       0x68 build_TenzoBoard/usart.o
                0x000000000800097c                MX_USART1_UART_Init
 .text.HAL_UART_MspInit
                0x00000000080009e4      0x104 build_TenzoBoard/usart.o
                0x00000000080009e4                HAL_UART_MspInit
 .text.NMI_Handler
                0x0000000008000ae8        0x2 build_TenzoBoard/stm32g4xx_it.o
                0x0000000008000ae8                NMI_Handler
 .text.HardFault_Handler
                0x0000000008000aea        0x2 build_TenzoBoard/stm32g4xx_it.o
                0x0000000008000aea                HardFault_Handler
 .text.MemManage_Handler
                0x0000000008000aec        0x2 build_TenzoBoard/stm32g4xx_it.o
                0x0000000008000aec                MemManage_Handler
 .text.BusFault_Handler
                0x0000000008000aee        0x2 build_TenzoBoard/stm32g4xx_it.o
                0x0000000008000aee                BusFault_Handler
 .text.UsageFault_Handler
                0x0000000008000af0        0x2 build_TenzoBoard/stm32g4xx_it.o
                0x0000000008000af0                UsageFault_Handler
 .text.SVC_Handler
                0x0000000008000af2        0x2 build_TenzoBoard/stm32g4xx_it.o
                0x0000000008000af2                SVC_Handler
 .text.DebugMon_Handler
                0x0000000008000af4        0x2 build_TenzoBoard/stm32g4xx_it.o
                0x0000000008000af4                DebugMon_Handler
 .text.PendSV_Handler
                0x0000000008000af6        0x2 build_TenzoBoard/stm32g4xx_it.o
                0x0000000008000af6                PendSV_Handler
 .text.SysTick_Handler
                0x0000000008000af8        0x8 build_TenzoBoard/stm32g4xx_it.o
                0x0000000008000af8                SysTick_Handler
 .text.DMA1_Channel1_IRQHandler
                0x0000000008000b00       0x10 build_TenzoBoard/stm32g4xx_it.o
                0x0000000008000b00                DMA1_Channel1_IRQHandler
 .text.DMA1_Channel2_IRQHandler
                0x0000000008000b10       0x10 build_TenzoBoard/stm32g4xx_it.o
                0x0000000008000b10                DMA1_Channel2_IRQHandler
 .text.HAL_MspInit
                0x0000000008000b20       0x38 build_TenzoBoard/stm32g4xx_hal_msp.o
                0x0000000008000b20                HAL_MspInit
 .text.HAL_ADC_Init
                0x0000000008000b58      0x2a8 build_TenzoBoard/stm32g4xx_hal_adc.o
                0x0000000008000b58                HAL_ADC_Init
 .text.LL_ADC_SetChannelSamplingTime
                0x0000000008000e00       0x2c build_TenzoBoard/stm32g4xx_hal_adc_ex.o
 .text.HAL_ADCEx_InjectedGetValue
                0x0000000008000e2c       0x38 build_TenzoBoard/stm32g4xx_hal_adc_ex.o
                0x0000000008000e2c                HAL_ADCEx_InjectedGetValue
 .text.HAL_ADCEx_InjectedConfigChannel
                0x0000000008000e64      0x614 build_TenzoBoard/stm32g4xx_hal_adc_ex.o
                0x0000000008000e64                HAL_ADCEx_InjectedConfigChannel
 .text.HAL_InitTick
                0x0000000008001478       0x50 build_TenzoBoard/stm32g4xx_hal.o
                0x0000000008001478                HAL_InitTick
 .text.HAL_Init
                0x00000000080014c8       0x1e build_TenzoBoard/stm32g4xx_hal.o
                0x00000000080014c8                HAL_Init
 *fill*         0x00000000080014e6        0x2 
 .text.HAL_IncTick
                0x00000000080014e8       0x18 build_TenzoBoard/stm32g4xx_hal.o
                0x00000000080014e8                HAL_IncTick
 .text.HAL_GetTick
                0x0000000008001500        0xc build_TenzoBoard/stm32g4xx_hal.o
                0x0000000008001500                HAL_GetTick
 .text.RCC_GetSysClockFreqFromPLLSource
                0x000000000800150c       0x58 build_TenzoBoard/stm32g4xx_hal_rcc.o
 .text.HAL_RCC_OscConfig
                0x0000000008001564      0x4e8 build_TenzoBoard/stm32g4xx_hal_rcc.o
                0x0000000008001564                HAL_RCC_OscConfig
 .text.HAL_RCC_GetSysClockFreq
                0x0000000008001a4c       0x88 build_TenzoBoard/stm32g4xx_hal_rcc.o
                0x0000000008001a4c                HAL_RCC_GetSysClockFreq
 .text.HAL_RCC_ClockConfig
                0x0000000008001ad4      0x1f8 build_TenzoBoard/stm32g4xx_hal_rcc.o
                0x0000000008001ad4                HAL_RCC_ClockConfig
 .text.HAL_RCC_GetHCLKFreq
                0x0000000008001ccc        0xc build_TenzoBoard/stm32g4xx_hal_rcc.o
                0x0000000008001ccc                HAL_RCC_GetHCLKFreq
 .text.HAL_RCC_GetPCLK1Freq
                0x0000000008001cd8       0x24 build_TenzoBoard/stm32g4xx_hal_rcc.o
                0x0000000008001cd8                HAL_RCC_GetPCLK1Freq
 .text.HAL_RCC_GetPCLK2Freq
                0x0000000008001cfc       0x24 build_TenzoBoard/stm32g4xx_hal_rcc.o
                0x0000000008001cfc                HAL_RCC_GetPCLK2Freq
 .text.HAL_RCCEx_PeriphCLKConfig
                0x0000000008001d20      0x378 build_TenzoBoard/stm32g4xx_hal_rcc_ex.o
                0x0000000008001d20                HAL_RCCEx_PeriphCLKConfig
 .text.HAL_GPIO_Init
                0x0000000008002098      0x1d4 build_TenzoBoard/stm32g4xx_hal_gpio.o
                0x0000000008002098                HAL_GPIO_Init
 .text.HAL_GPIO_ReadPin
                0x000000000800226c        0xe build_TenzoBoard/stm32g4xx_hal_gpio.o
                0x000000000800226c                HAL_GPIO_ReadPin
 .text.HAL_GPIO_WritePin
                0x000000000800227a        0xa build_TenzoBoard/stm32g4xx_hal_gpio.o
                0x000000000800227a                HAL_GPIO_WritePin
 .text.HAL_GPIO_TogglePin
                0x0000000008002284       0x12 build_TenzoBoard/stm32g4xx_hal_gpio.o
                0x0000000008002284                HAL_GPIO_TogglePin
 .text.DMA_SetConfig
                0x0000000008002296       0x42 build_TenzoBoard/stm32g4xx_hal_dma.o
 .text.DMA_CalcDMAMUXChannelBaseAndMask
                0x00000000080022d8       0x48 build_TenzoBoard/stm32g4xx_hal_dma.o
 .text.DMA_CalcDMAMUXRequestGenBaseAndMask
                0x0000000008002320       0x28 build_TenzoBoard/stm32g4xx_hal_dma.o
 .text.HAL_DMA_Init
                0x0000000008002348       0xd8 build_TenzoBoard/stm32g4xx_hal_dma.o
                0x0000000008002348                HAL_DMA_Init
 .text.HAL_DMA_Start
                0x0000000008002420       0x52 build_TenzoBoard/stm32g4xx_hal_dma.o
                0x0000000008002420                HAL_DMA_Start
 .text.HAL_DMA_IRQHandler
                0x0000000008002472       0xc4 build_TenzoBoard/stm32g4xx_hal_dma.o
                0x0000000008002472                HAL_DMA_IRQHandler
 *fill*         0x0000000008002536        0x2 
 .text.HAL_PWREx_ControlVoltageScaling
                0x0000000008002538      0x10c build_TenzoBoard/stm32g4xx_hal_pwr_ex.o
                0x0000000008002538                HAL_PWREx_ControlVoltageScaling
 .text.HAL_PWREx_DisableUCPDDeadBattery
                0x0000000008002644       0x10 build_TenzoBoard/stm32g4xx_hal_pwr_ex.o
                0x0000000008002644                HAL_PWREx_DisableUCPDDeadBattery
 .text.__NVIC_EnableIRQ
                0x0000000008002654       0x1c build_TenzoBoard/stm32g4xx_hal_cortex.o
 .text.__NVIC_SetPriority
                0x0000000008002670       0x28 build_TenzoBoard/stm32g4xx_hal_cortex.o
 .text.NVIC_EncodePriority
                0x0000000008002698       0x3e build_TenzoBoard/stm32g4xx_hal_cortex.o
 *fill*         0x00000000080026d6        0x2 
 .text.HAL_NVIC_SetPriorityGrouping
                0x00000000080026d8       0x24 build_TenzoBoard/stm32g4xx_hal_cortex.o
                0x00000000080026d8                HAL_NVIC_SetPriorityGrouping
 .text.HAL_NVIC_SetPriority
                0x00000000080026fc       0x20 build_TenzoBoard/stm32g4xx_hal_cortex.o
                0x00000000080026fc                HAL_NVIC_SetPriority
 .text.HAL_NVIC_EnableIRQ
                0x000000000800271c        0x8 build_TenzoBoard/stm32g4xx_hal_cortex.o
                0x000000000800271c                HAL_NVIC_EnableIRQ
 .text.HAL_SYSTICK_Config
                0x0000000008002724       0x28 build_TenzoBoard/stm32g4xx_hal_cortex.o
                0x0000000008002724                HAL_SYSTICK_Config
 .text.FDCAN_CalcultateRamBlockAddresses
                0x000000000800274c       0x8c build_TenzoBoard/stm32g4xx_hal_fdcan.o
 .text.HAL_FDCAN_Init
                0x00000000080027d8      0x1d4 build_TenzoBoard/stm32g4xx_hal_fdcan.o
                0x00000000080027d8                HAL_FDCAN_Init
 .text.SPI_WaitFlagStateUntilTimeout
                0x00000000080029ac       0xc8 build_TenzoBoard/stm32g4xx_hal_spi.o
 .text.SPI_WaitFifoStateUntilTimeout
                0x0000000008002a74       0xf0 build_TenzoBoard/stm32g4xx_hal_spi.o
 .text.SPI_EndRxTxTransaction
                0x0000000008002b64       0x62 build_TenzoBoard/stm32g4xx_hal_spi.o
 .text.SPI_EndRxTransaction
                0x0000000008002bc6       0x82 build_TenzoBoard/stm32g4xx_hal_spi.o
 .text.HAL_SPI_Init
                0x0000000008002c48       0xe8 build_TenzoBoard/stm32g4xx_hal_spi.o
                0x0000000008002c48                HAL_SPI_Init
 .text.HAL_SPI_TransmitReceive
                0x0000000008002d30      0x2de build_TenzoBoard/stm32g4xx_hal_spi.o
                0x0000000008002d30                HAL_SPI_TransmitReceive
 .text.HAL_SPI_Receive
                0x000000000800300e      0x1aa build_TenzoBoard/stm32g4xx_hal_spi.o
                0x000000000800300e                HAL_SPI_Receive
 .text.TIM_OC1_SetConfig
                0x00000000080031b8       0xac build_TenzoBoard/stm32g4xx_hal_tim.o
 .text.TIM_OC3_SetConfig
                0x0000000008003264       0x9c build_TenzoBoard/stm32g4xx_hal_tim.o
 .text.TIM_OC4_SetConfig
                0x0000000008003300       0x9c build_TenzoBoard/stm32g4xx_hal_tim.o
 .text.TIM_OC5_SetConfig
                0x000000000800339c       0x70 build_TenzoBoard/stm32g4xx_hal_tim.o
 .text.TIM_OC6_SetConfig
                0x000000000800340c       0x74 build_TenzoBoard/stm32g4xx_hal_tim.o
 .text.TIM_TI1_ConfigInputStage
                0x0000000008003480       0x26 build_TenzoBoard/stm32g4xx_hal_tim.o
 .text.TIM_TI2_ConfigInputStage
                0x00000000080034a6       0x28 build_TenzoBoard/stm32g4xx_hal_tim.o
 .text.TIM_ITRx_SetConfig
                0x00000000080034ce       0x14 build_TenzoBoard/stm32g4xx_hal_tim.o
 .text.HAL_TIM_PWM_MspInit
                0x00000000080034e2        0x2 build_TenzoBoard/stm32g4xx_hal_tim.o
                0x00000000080034e2                HAL_TIM_PWM_MspInit
 .text.TIM_Base_SetConfig
                0x00000000080034e4       0xe0 build_TenzoBoard/stm32g4xx_hal_tim.o
                0x00000000080034e4                TIM_Base_SetConfig
 .text.HAL_TIM_Base_Init
                0x00000000080035c4       0x60 build_TenzoBoard/stm32g4xx_hal_tim.o
                0x00000000080035c4                HAL_TIM_Base_Init
 .text.HAL_TIM_PWM_Init
                0x0000000008003624       0x60 build_TenzoBoard/stm32g4xx_hal_tim.o
                0x0000000008003624                HAL_TIM_PWM_Init
 .text.TIM_OC2_SetConfig
                0x0000000008003684       0x9c build_TenzoBoard/stm32g4xx_hal_tim.o
                0x0000000008003684                TIM_OC2_SetConfig
 .text.HAL_TIM_PWM_ConfigChannel
                0x0000000008003720      0x13a build_TenzoBoard/stm32g4xx_hal_tim.o
                0x0000000008003720                HAL_TIM_PWM_ConfigChannel
 .text.TIM_ETR_SetConfig
                0x000000000800385a       0x1a build_TenzoBoard/stm32g4xx_hal_tim.o
                0x000000000800385a                TIM_ETR_SetConfig
 .text.HAL_TIM_ConfigClockSource
                0x0000000008003874      0x154 build_TenzoBoard/stm32g4xx_hal_tim.o
                0x0000000008003874                HAL_TIM_ConfigClockSource
 .text.TIM_CCxChannelCmd
                0x00000000080039c8       0x1e build_TenzoBoard/stm32g4xx_hal_tim.o
                0x00000000080039c8                TIM_CCxChannelCmd
 *fill*         0x00000000080039e6        0x2 
 .text.HAL_TIM_OC_Start_IT
                0x00000000080039e8      0x1e4 build_TenzoBoard/stm32g4xx_hal_tim.o
                0x00000000080039e8                HAL_TIM_OC_Start_IT
 .text.HAL_TIM_OC_Stop_IT
                0x0000000008003bcc      0x120 build_TenzoBoard/stm32g4xx_hal_tim.o
                0x0000000008003bcc                HAL_TIM_OC_Stop_IT
 .text.HAL_TIMEx_MasterConfigSynchronization
                0x0000000008003cec       0xac build_TenzoBoard/stm32g4xx_hal_tim_ex.o
                0x0000000008003cec                HAL_TIMEx_MasterConfigSynchronization
 .text.HAL_TIMEx_ConfigBreakDeadTime
                0x0000000008003d98       0xd4 build_TenzoBoard/stm32g4xx_hal_tim_ex.o
                0x0000000008003d98                HAL_TIMEx_ConfigBreakDeadTime
 .text.UART_SetConfig
                0x0000000008003e6c      0x388 build_TenzoBoard/stm32g4xx_hal_uart.o
                0x0000000008003e6c                UART_SetConfig
 .text.UART_AdvFeatureConfig
                0x00000000080041f4       0xca build_TenzoBoard/stm32g4xx_hal_uart.o
                0x00000000080041f4                UART_AdvFeatureConfig
 .text.UART_WaitOnFlagUntilTimeout
                0x00000000080042be       0xd8 build_TenzoBoard/stm32g4xx_hal_uart.o
                0x00000000080042be                UART_WaitOnFlagUntilTimeout
 .text.UART_CheckIdleState
                0x0000000008004396       0x74 build_TenzoBoard/stm32g4xx_hal_uart.o
                0x0000000008004396                UART_CheckIdleState
 .text.HAL_UART_Init
                0x000000000800440a       0x66 build_TenzoBoard/stm32g4xx_hal_uart.o
                0x000000000800440a                HAL_UART_Init
 .text.UARTEx_SetNbDataToProcess
                0x0000000008004470       0x4c build_TenzoBoard/stm32g4xx_hal_uart_ex.o
 .text.HAL_UARTEx_DisableFifoMode
                0x00000000080044bc       0x3e build_TenzoBoard/stm32g4xx_hal_uart_ex.o
                0x00000000080044bc                HAL_UARTEx_DisableFifoMode
 .text.HAL_UARTEx_SetTxFifoThreshold
                0x00000000080044fa       0x4a build_TenzoBoard/stm32g4xx_hal_uart_ex.o
                0x00000000080044fa                HAL_UARTEx_SetTxFifoThreshold
 .text.HAL_UARTEx_SetRxFifoThreshold
                0x0000000008004544       0x4a build_TenzoBoard/stm32g4xx_hal_uart_ex.o
                0x0000000008004544                HAL_UARTEx_SetRxFifoThreshold
 *fill*         0x000000000800458e        0x2 
 .text.SystemInit
                0x0000000008004590       0x14 build_TenzoBoard/system_stm32g4xx.o
                0x0000000008004590                SystemInit
 .text.app_update_reg
                0x00000000080045a4      0x17c build_TenzoBoard/App.o
                0x00000000080045a4                app_update_reg
 .text.bsp_tim7_1ms_callback
                0x0000000008004720        0xc build_TenzoBoard/App.o
                0x0000000008004720                bsp_tim7_1ms_callback
 .text.app_adc_data_filter
                0x000000000800472c      0x130 build_TenzoBoard/App.o
                0x000000000800472c                app_adc_data_filter
 .text.bsp_ADC_data_ready
                0x000000000800485c       0x44 build_TenzoBoard/App.o
                0x000000000800485c                bsp_ADC_data_ready
 .text.app_control_led_rele
                0x00000000080048a0      0x12c build_TenzoBoard/App.o
                0x00000000080048a0                app_control_led_rele
 .text.protocolMbRtuSlaveCtrl_callback_H_WRITE
                0x00000000080049cc       0x30 build_TenzoBoard/ProtocolMbRtuSlaveCtrl.o
                0x00000000080049cc                protocolMbRtuSlaveCtrl_callback_H_WRITE
 .text.protocolMbRtuSlaveCtrl_update_tables
                0x00000000080049fc       0x88 build_TenzoBoard/ProtocolMbRtuSlaveCtrl.o
                0x00000000080049fc                protocolMbRtuSlaveCtrl_update_tables
 .text.bsp_rs485_callback_rxBlockReady
                0x0000000008004a84       0x2c build_TenzoBoard/ProtocolMbRtuSlaveCtrl.o
                0x0000000008004a84                bsp_rs485_callback_rxBlockReady
 .text.__NVIC_SystemReset
                0x0000000008004ab0       0x24 build_TenzoBoard/BSP.o
 .text.bsp_rs485_sendBlock
                0x0000000008004ad4       0x38 build_TenzoBoard/BSP.o
                0x0000000008004ad4                bsp_rs485_sendBlock
 .text.USART1_IRQHandler
                0x0000000008004b0c       0xa0 build_TenzoBoard/BSP.o
                0x0000000008004b0c                USART1_IRQHandler
 .text.TIM7_DAC_IRQHandler
                0x0000000008004bac       0x28 build_TenzoBoard/BSP.o
                0x0000000008004bac                TIM7_DAC_IRQHandler
 .text.ADC1_2_IRQHandler
                0x0000000008004bd4       0x20 build_TenzoBoard/BSP.o
                0x0000000008004bd4                ADC1_2_IRQHandler
 .text.bsp_get_data_spi
                0x0000000008004bf4       0x78 build_TenzoBoard/BSP.o
                0x0000000008004bf4                bsp_get_data_spi
 .text.getTable
                0x0000000008004c6c       0x78 build_TenzoBoard/ModbusSS.o
 .text._Crc16   0x0000000008004ce4       0x42 build_TenzoBoard/ModbusSS.o
 .text.ModbusSS_ParseRxData
                0x0000000008004d26      0x194 build_TenzoBoard/ModbusSS.o
                0x0000000008004d26                ModbusSS_ParseRxData
 .text.ModbusSS_GetWord
                0x0000000008004eba        0xe build_TenzoBoard/ModbusSS.o
                0x0000000008004eba                ModbusSS_GetWord
 .text.ModbusSS_SetWord
                0x0000000008004ec8        0xc build_TenzoBoard/ModbusSS.o
                0x0000000008004ec8                ModbusSS_SetWord
 .text.memset   0x0000000008004ed4       0x10 c:/program files/vscodestmtools/arm-none-eabi-gcc/12.2.1-1.2.1/.content/bin/../lib/gcc/arm-none-eabi/12.2.1/../../../../arm-none-eabi/lib/thumb/v7e-m+fp/hard\libc_nano.a(libc_a-memset.o)
                0x0000000008004ed4                memset
 .text.__libc_init_array
                0x0000000008004ee4       0x48 c:/program files/vscodestmtools/arm-none-eabi-gcc/12.2.1-1.2.1/.content/bin/../lib/gcc/arm-none-eabi/12.2.1/../../../../arm-none-eabi/lib/thumb/v7e-m+fp/hard\libc_nano.a(libc_a-init.o)
                0x0000000008004ee4                __libc_init_array
 .text.__udivmoddi4
                0x0000000008004f2c      0x2bc c:/program files/vscodestmtools/arm-none-eabi-gcc/12.2.1-1.2.1/.content/bin/../lib/gcc/arm-none-eabi/12.2.1/thumb/v7e-m+fp/hard\libgcc.a(_udivmoddi4.o)
                0x0000000008004f2c                __udivmoddi4
 *(.glue_7)
 .glue_7        0x00000000080051e8        0x0 linker stubs
 *(.glue_7t)
 .glue_7t       0x00000000080051e8        0x0 linker stubs
 *(.eh_frame)
 .eh_frame      0x00000000080051e8        0x0 c:/program files/vscodestmtools/arm-none-eabi-gcc/12.2.1-1.2.1/.content/bin/../lib/gcc/arm-none-eabi/12.2.1/thumb/v7e-m+fp/hard/crtbegin.o
 *(.init)
 .init          0x00000000080051e8        0x4 c:/program files/vscodestmtools/arm-none-eabi-gcc/12.2.1-1.2.1/.content/bin/../lib/gcc/arm-none-eabi/12.2.1/thumb/v7e-m+fp/hard/crti.o
                0x00000000080051e8                _init
 .init          0x00000000080051ec        0x8 c:/program files/vscodestmtools/arm-none-eabi-gcc/12.2.1-1.2.1/.content/bin/../lib/gcc/arm-none-eabi/12.2.1/thumb/v7e-m+fp/hard/crtn.o
 *(.fini)
 .fini          0x00000000080051f4        0x4 c:/program files/vscodestmtools/arm-none-eabi-gcc/12.2.1-1.2.1/.content/bin/../lib/gcc/arm-none-eabi/12.2.1/thumb/v7e-m+fp/hard/crti.o
                0x00000000080051f4                _fini
 .fini          0x00000000080051f8        0x8 c:/program files/vscodestmtools/arm-none-eabi-gcc/12.2.1-1.2.1/.content/bin/../lib/gcc/arm-none-eabi/12.2.1/thumb/v7e-m+fp/hard/crtn.o
                0x0000000008005200                . = ALIGN (0x4)
                0x0000000008005200                _etext = .

.vfp11_veneer   0x0000000008005200        0x0
 .vfp11_veneer  0x0000000008005200        0x0 linker stubs

.v4_bx          0x0000000008005200        0x0
 .v4_bx         0x0000000008005200        0x0 linker stubs

.iplt           0x0000000008005200        0x0
 .iplt          0x0000000008005200        0x0 c:/program files/vscodestmtools/arm-none-eabi-gcc/12.2.1-1.2.1/.content/bin/../lib/gcc/arm-none-eabi/12.2.1/thumb/v7e-m+fp/hard/crtbegin.o

.rodata         0x0000000008005200       0x40
                0x0000000008005200                . = ALIGN (0x4)
 *(.rodata)
 *(.rodata*)
 .rodata.UARTPrescTable
                0x0000000008005200       0x18 build_TenzoBoard/stm32g4xx_hal_uart.o
                0x0000000008005200                UARTPrescTable
 .rodata.denominator.0
                0x0000000008005218        0x8 build_TenzoBoard/stm32g4xx_hal_uart_ex.o
 .rodata.numerator.1
                0x0000000008005220        0x8 build_TenzoBoard/stm32g4xx_hal_uart_ex.o
 .rodata.APBPrescTable
                0x0000000008005228        0x8 build_TenzoBoard/system_stm32g4xx.o
                0x0000000008005228                APBPrescTable
 .rodata.AHBPrescTable
                0x0000000008005230       0x10 build_TenzoBoard/system_stm32g4xx.o
                0x0000000008005230                AHBPrescTable
                0x0000000008005240                . = ALIGN (0x4)

.ARM.extab
 *(.ARM.extab* .gnu.linkonce.armextab.*)

.ARM            0x0000000008005240        0x8
                0x0000000008005240                __exidx_start = .
 *(.ARM.exidx*)
 .ARM.exidx.text.__udivmoddi4
                0x0000000008005240        0x8 c:/program files/vscodestmtools/arm-none-eabi-gcc/12.2.1-1.2.1/.content/bin/../lib/gcc/arm-none-eabi/12.2.1/thumb/v7e-m+fp/hard\libgcc.a(_udivmoddi4.o)
                0x0000000008005248                __exidx_end = .

.rel.dyn        0x0000000008005248        0x0
 .rel.iplt      0x0000000008005248        0x0 c:/program files/vscodestmtools/arm-none-eabi-gcc/12.2.1-1.2.1/.content/bin/../lib/gcc/arm-none-eabi/12.2.1/thumb/v7e-m+fp/hard/crtbegin.o

.preinit_array  0x0000000008005248        0x0
                0x0000000008005248                PROVIDE (__preinit_array_start = .)
 *(.preinit_array*)
                0x0000000008005248                PROVIDE (__preinit_array_end = .)

.init_array     0x0000000008005248        0x4
                0x0000000008005248                PROVIDE (__init_array_start = .)
 *(SORT_BY_NAME(.init_array.*))
 *(.init_array*)
 .init_array    0x0000000008005248        0x4 c:/program files/vscodestmtools/arm-none-eabi-gcc/12.2.1-1.2.1/.content/bin/../lib/gcc/arm-none-eabi/12.2.1/thumb/v7e-m+fp/hard/crtbegin.o
                0x000000000800524c                PROVIDE (__init_array_end = .)

.fini_array     0x000000000800524c        0x4
                0x000000000800524c                PROVIDE (__fini_array_start = .)
 *(SORT_BY_NAME(.fini_array.*))
 *(.fini_array*)
 .fini_array    0x000000000800524c        0x4 c:/program files/vscodestmtools/arm-none-eabi-gcc/12.2.1-1.2.1/.content/bin/../lib/gcc/arm-none-eabi/12.2.1/thumb/v7e-m+fp/hard/crtbegin.o
                0x0000000008005250                PROVIDE (__fini_array_end = .)
                0x0000000008005250                _sidata = LOADADDR (.data)

.data           0x0000000020000000       0x38 load address 0x0000000008005250
                0x0000000020000000                . = ALIGN (0x4)
                0x0000000020000000                _sdata = .
 *(.data)
 *(.data*)
 .data.uwTickFreq
                0x0000000020000000        0x4 build_TenzoBoard/stm32g4xx_hal.o
                0x0000000020000000                uwTickFreq
 .data.uwTickPrio
                0x0000000020000004        0x4 build_TenzoBoard/stm32g4xx_hal.o
                0x0000000020000004                uwTickPrio
 .data.SystemCoreClock
                0x0000000020000008        0x4 build_TenzoBoard/system_stm32g4xx.o
                0x0000000020000008                SystemCoreClock
 .data.modbusSS_rtu_rs485
                0x000000002000000c       0x1c build_TenzoBoard/ProtocolMbRtuSlaveCtrl.o
                0x000000002000000c                modbusSS_rtu_rs485
 .data.modbusTables
                0x0000000020000028        0x4 build_TenzoBoard/ProtocolMbRtuSlaveCtrl.o
                0x0000000020000028                modbusTables
 .data.mdb_table_bsp
                0x000000002000002c        0xc build_TenzoBoard/ProtocolMbRtuSlaveCtrl.o
                0x000000002000002c                mdb_table_bsp
                0x0000000020000038                . = ALIGN (0x4)
                0x0000000020000038                _edata = .

.igot.plt       0x0000000020000038        0x0 load address 0x0000000008005288
 .igot.plt      0x0000000020000038        0x0 c:/program files/vscodestmtools/arm-none-eabi-gcc/12.2.1-1.2.1/.content/bin/../lib/gcc/arm-none-eabi/12.2.1/thumb/v7e-m+fp/hard/crtbegin.o
                0x0000000020000038                . = ALIGN (0x4)

.bss            0x0000000020000038      0x610 load address 0x0000000008005288
                0x0000000020000038                _sbss = .
                0x0000000020000038                __bss_start__ = _sbss
 *(.bss)
 *(.bss*)
 .bss.completed.1
                0x0000000020000038        0x1 c:/program files/vscodestmtools/arm-none-eabi-gcc/12.2.1-1.2.1/.content/bin/../lib/gcc/arm-none-eabi/12.2.1/thumb/v7e-m+fp/hard/crtbegin.o
 *fill*         0x0000000020000039        0x3 
 .bss.object.0  0x000000002000003c       0x18 c:/program files/vscodestmtools/arm-none-eabi-gcc/12.2.1-1.2.1/.content/bin/../lib/gcc/arm-none-eabi/12.2.1/thumb/v7e-m+fp/hard/crtbegin.o
 .bss.hadc2     0x0000000020000054       0x6c build_TenzoBoard/adc.o
                0x0000000020000054                hadc2
 .bss.hfdcan3   0x00000000200000c0       0x64 build_TenzoBoard/fdcan.o
                0x00000000200000c0                hfdcan3
 .bss.hspi2     0x0000000020000124       0x64 build_TenzoBoard/spi.o
                0x0000000020000124                hspi2
 .bss.htim7     0x0000000020000188       0x4c build_TenzoBoard/tim.o
                0x0000000020000188                htim7
 .bss.htim6     0x00000000200001d4       0x4c build_TenzoBoard/tim.o
                0x00000000200001d4                htim6
 .bss.htim1     0x0000000020000220       0x4c build_TenzoBoard/tim.o
                0x0000000020000220                htim1
 .bss.hdma_usart1_tx
                0x000000002000026c       0x60 build_TenzoBoard/usart.o
                0x000000002000026c                hdma_usart1_tx
 .bss.hdma_usart1_rx
                0x00000000200002cc       0x60 build_TenzoBoard/usart.o
                0x00000000200002cc                hdma_usart1_rx
 .bss.huart1    0x000000002000032c       0x90 build_TenzoBoard/usart.o
                0x000000002000032c                huart1
 .bss.uwTick    0x00000000200003bc        0x4 build_TenzoBoard/stm32g4xx_hal.o
                0x00000000200003bc                uwTick
 .bss.App       0x00000000200003c0      0x164 build_TenzoBoard/App.o
                0x00000000200003c0                App
 .bss.mdb_bsp_buf
                0x0000000020000524       0x14 build_TenzoBoard/ProtocolMbRtuSlaveCtrl.o
                0x0000000020000524                mdb_bsp_buf
 .bss.modbusBufRxTxRtu485
                0x0000000020000538      0x104 build_TenzoBoard/ProtocolMbRtuSlaveCtrl.o
                0x0000000020000538                modbusBufRxTxRtu485
 .bss.SPI_DATA_RX
                0x000000002000063c        0x8 build_TenzoBoard/BSP.o
                0x000000002000063c                SPI_DATA_RX
 .bss.timer_rs485_timeout
                0x0000000020000644        0x4 build_TenzoBoard/BSP.o
 *(COMMON)
                0x0000000020000648                . = ALIGN (0x4)
                0x0000000020000648                _ebss = .
                0x0000000020000648                __bss_end__ = _ebss

._user_heap_stack
                0x0000000020000648     0x6000 load address 0x0000000008005288
                0x0000000020000648                . = ALIGN (0x8)
                0x0000000020000648                PROVIDE (end = .)
                [!provide]                        PROVIDE (_end = .)
                0x0000000020002648                . = (. + _Min_Heap_Size)
 *fill*         0x0000000020000648     0x2000 
                0x0000000020006648                . = (. + _Min_Stack_Size)
 *fill*         0x0000000020002648     0x4000 
                0x0000000020006648                . = ALIGN (0x8)

/DISCARD/
 libc.a(*)
 libm.a(*)
 libgcc.a(*)

.ARM.attributes
                0x0000000000000000       0x30
 *(.ARM.attributes)
 .ARM.attributes
                0x0000000000000000       0x22 c:/program files/vscodestmtools/arm-none-eabi-gcc/12.2.1-1.2.1/.content/bin/../lib/gcc/arm-none-eabi/12.2.1/thumb/v7e-m+fp/hard/crti.o
 .ARM.attributes
                0x0000000000000022       0x34 c:/program files/vscodestmtools/arm-none-eabi-gcc/12.2.1-1.2.1/.content/bin/../lib/gcc/arm-none-eabi/12.2.1/thumb/v7e-m+fp/hard/crtbegin.o
 .ARM.attributes
                0x0000000000000056       0x21 build_TenzoBoard/startup_stm32g474xx.o
 .ARM.attributes
                0x0000000000000077       0x34 build_TenzoBoard/main.o
 .ARM.attributes
                0x00000000000000ab       0x34 build_TenzoBoard/gpio.o
 .ARM.attributes
                0x00000000000000df       0x34 build_TenzoBoard/adc.o
 .ARM.attributes
                0x0000000000000113       0x34 build_TenzoBoard/dma.o
 .ARM.attributes
                0x0000000000000147       0x34 build_TenzoBoard/fdcan.o
 .ARM.attributes
                0x000000000000017b       0x34 build_TenzoBoard/spi.o
 .ARM.attributes
                0x00000000000001af       0x34 build_TenzoBoard/tim.o
 .ARM.attributes
                0x00000000000001e3       0x34 build_TenzoBoard/usart.o
 .ARM.attributes
                0x0000000000000217       0x34 build_TenzoBoard/stm32g4xx_it.o
 .ARM.attributes
                0x000000000000024b       0x34 build_TenzoBoard/stm32g4xx_hal_msp.o
 .ARM.attributes
                0x000000000000027f       0x34 build_TenzoBoard/stm32g4xx_hal_adc.o
 .ARM.attributes
                0x00000000000002b3       0x34 build_TenzoBoard/stm32g4xx_hal_adc_ex.o
 .ARM.attributes
                0x00000000000002e7       0x34 build_TenzoBoard/stm32g4xx_hal.o
 .ARM.attributes
                0x000000000000031b       0x34 build_TenzoBoard/stm32g4xx_hal_rcc.o
 .ARM.attributes
                0x000000000000034f       0x34 build_TenzoBoard/stm32g4xx_hal_rcc_ex.o
 .ARM.attributes
                0x0000000000000383       0x34 build_TenzoBoard/stm32g4xx_hal_gpio.o
 .ARM.attributes
                0x00000000000003b7       0x34 build_TenzoBoard/stm32g4xx_hal_dma.o
 .ARM.attributes
                0x00000000000003eb       0x34 build_TenzoBoard/stm32g4xx_hal_pwr_ex.o
 .ARM.attributes
                0x000000000000041f       0x34 build_TenzoBoard/stm32g4xx_hal_cortex.o
 .ARM.attributes
                0x0000000000000453       0x34 build_TenzoBoard/stm32g4xx_hal_fdcan.o
 .ARM.attributes
                0x0000000000000487       0x34 build_TenzoBoard/stm32g4xx_hal_spi.o
 .ARM.attributes
                0x00000000000004bb       0x34 build_TenzoBoard/stm32g4xx_hal_tim.o
 .ARM.attributes
                0x00000000000004ef       0x34 build_TenzoBoard/stm32g4xx_hal_tim_ex.o
 .ARM.attributes
                0x0000000000000523       0x34 build_TenzoBoard/stm32g4xx_hal_uart.o
 .ARM.attributes
                0x0000000000000557       0x34 build_TenzoBoard/stm32g4xx_hal_uart_ex.o
 .ARM.attributes
                0x000000000000058b       0x34 build_TenzoBoard/system_stm32g4xx.o
 .ARM.attributes
                0x00000000000005bf       0x34 build_TenzoBoard/App.o
 .ARM.attributes
                0x00000000000005f3       0x34 build_TenzoBoard/ProtocolMbRtuSlaveCtrl.o
 .ARM.attributes
                0x0000000000000627       0x34 build_TenzoBoard/BSP.o
 .ARM.attributes
                0x000000000000065b       0x34 build_TenzoBoard/ModbusSS.o
 .ARM.attributes
                0x000000000000068f       0x34 c:/program files/vscodestmtools/arm-none-eabi-gcc/12.2.1-1.2.1/.content/bin/../lib/gcc/arm-none-eabi/12.2.1/../../../../arm-none-eabi/lib/thumb/v7e-m+fp/hard\libc_nano.a(libc_a-memset.o)
 .ARM.attributes
                0x00000000000006c3       0x34 c:/program files/vscodestmtools/arm-none-eabi-gcc/12.2.1-1.2.1/.content/bin/../lib/gcc/arm-none-eabi/12.2.1/../../../../arm-none-eabi/lib/thumb/v7e-m+fp/hard\libc_nano.a(libc_a-init.o)
 .ARM.attributes
                0x00000000000006f7       0x22 c:/program files/vscodestmtools/arm-none-eabi-gcc/12.2.1-1.2.1/.content/bin/../lib/gcc/arm-none-eabi/12.2.1/thumb/v7e-m+fp/hard\libgcc.a(_aeabi_uldivmod.o)
 .ARM.attributes
                0x0000000000000719       0x34 c:/program files/vscodestmtools/arm-none-eabi-gcc/12.2.1-1.2.1/.content/bin/../lib/gcc/arm-none-eabi/12.2.1/thumb/v7e-m+fp/hard\libgcc.a(_udivmoddi4.o)
 .ARM.attributes
                0x000000000000074d       0x22 c:/program files/vscodestmtools/arm-none-eabi-gcc/12.2.1-1.2.1/.content/bin/../lib/gcc/arm-none-eabi/12.2.1/thumb/v7e-m+fp/hard\libgcc.a(_dvmd_tls.o)
 .ARM.attributes
                0x000000000000076f       0x22 c:/program files/vscodestmtools/arm-none-eabi-gcc/12.2.1-1.2.1/.content/bin/../lib/gcc/arm-none-eabi/12.2.1/thumb/v7e-m+fp/hard/crtn.o
OUTPUT(build_TenzoBoard/TenzoBoard.elf elf32-littlearm)
LOAD linker stubs
LOAD c:/program files/vscodestmtools/arm-none-eabi-gcc/12.2.1-1.2.1/.content/bin/../lib/gcc/arm-none-eabi/12.2.1/../../../../arm-none-eabi/lib/thumb/v7e-m+fp/hard\libc.a
LOAD c:/program files/vscodestmtools/arm-none-eabi-gcc/12.2.1-1.2.1/.content/bin/../lib/gcc/arm-none-eabi/12.2.1/../../../../arm-none-eabi/lib/thumb/v7e-m+fp/hard\libm.a
LOAD c:/program files/vscodestmtools/arm-none-eabi-gcc/12.2.1-1.2.1/.content/bin/../lib/gcc/arm-none-eabi/12.2.1/thumb/v7e-m+fp/hard\libgcc.a

.comment        0x0000000000000000       0x39
 .comment       0x0000000000000000       0x39 c:/program files/vscodestmtools/arm-none-eabi-gcc/12.2.1-1.2.1/.content/bin/../lib/gcc/arm-none-eabi/12.2.1/thumb/v7e-m+fp/hard/crtbegin.o
                                         0x3a (size before relaxing)
 .comment       0x0000000000000039       0x3a build_TenzoBoard/main.o
 .comment       0x0000000000000039       0x3a build_TenzoBoard/gpio.o
 .comment       0x0000000000000039       0x3a build_TenzoBoard/adc.o
 .comment       0x0000000000000039       0x3a build_TenzoBoard/dma.o
 .comment       0x0000000000000039       0x3a build_TenzoBoard/fdcan.o
 .comment       0x0000000000000039       0x3a build_TenzoBoard/spi.o
 .comment       0x0000000000000039       0x3a build_TenzoBoard/tim.o
 .comment       0x0000000000000039       0x3a build_TenzoBoard/usart.o
 .comment       0x0000000000000039       0x3a build_TenzoBoard/stm32g4xx_it.o
 .comment       0x0000000000000039       0x3a build_TenzoBoard/stm32g4xx_hal_msp.o
 .comment       0x0000000000000039       0x3a build_TenzoBoard/stm32g4xx_hal_adc.o
 .comment       0x0000000000000039       0x3a build_TenzoBoard/stm32g4xx_hal_adc_ex.o
 .comment       0x0000000000000039       0x3a build_TenzoBoard/stm32g4xx_hal.o
 .comment       0x0000000000000039       0x3a build_TenzoBoard/stm32g4xx_hal_rcc.o
 .comment       0x0000000000000039       0x3a build_TenzoBoard/stm32g4xx_hal_rcc_ex.o
 .comment       0x0000000000000039       0x3a build_TenzoBoard/stm32g4xx_hal_gpio.o
 .comment       0x0000000000000039       0x3a build_TenzoBoard/stm32g4xx_hal_dma.o
 .comment       0x0000000000000039       0x3a build_TenzoBoard/stm32g4xx_hal_pwr_ex.o
 .comment       0x0000000000000039       0x3a build_TenzoBoard/stm32g4xx_hal_cortex.o
 .comment       0x0000000000000039       0x3a build_TenzoBoard/stm32g4xx_hal_fdcan.o
 .comment       0x0000000000000039       0x3a build_TenzoBoard/stm32g4xx_hal_spi.o
 .comment       0x0000000000000039       0x3a build_TenzoBoard/stm32g4xx_hal_tim.o
 .comment       0x0000000000000039       0x3a build_TenzoBoard/stm32g4xx_hal_tim_ex.o
 .comment       0x0000000000000039       0x3a build_TenzoBoard/stm32g4xx_hal_uart.o
 .comment       0x0000000000000039       0x3a build_TenzoBoard/stm32g4xx_hal_uart_ex.o
 .comment       0x0000000000000039       0x3a build_TenzoBoard/system_stm32g4xx.o
 .comment       0x0000000000000039       0x3a build_TenzoBoard/App.o
 .comment       0x0000000000000039       0x3a build_TenzoBoard/ProtocolMbRtuSlaveCtrl.o
 .comment       0x0000000000000039       0x3a build_TenzoBoard/BSP.o
 .comment       0x0000000000000039       0x3a build_TenzoBoard/ModbusSS.o
 .comment       0x0000000000000039       0x3a c:/program files/vscodestmtools/arm-none-eabi-gcc/12.2.1-1.2.1/.content/bin/../lib/gcc/arm-none-eabi/12.2.1/../../../../arm-none-eabi/lib/thumb/v7e-m+fp/hard\libc_nano.a(libc_a-memset.o)
 .comment       0x0000000000000039       0x3a c:/program files/vscodestmtools/arm-none-eabi-gcc/12.2.1-1.2.1/.content/bin/../lib/gcc/arm-none-eabi/12.2.1/../../../../arm-none-eabi/lib/thumb/v7e-m+fp/hard\libc_nano.a(libc_a-init.o)
 .comment       0x0000000000000039       0x3a c:/program files/vscodestmtools/arm-none-eabi-gcc/12.2.1-1.2.1/.content/bin/../lib/gcc/arm-none-eabi/12.2.1/thumb/v7e-m+fp/hard\libgcc.a(_udivmoddi4.o)

.debug_info     0x0000000000000000    0x2b6f8
 .debug_info    0x0000000000000000      0x465 build_TenzoBoard/main.o
 .debug_info    0x0000000000000465      0x5f4 build_TenzoBoard/gpio.o
 .debug_info    0x0000000000000a59     0x1624 build_TenzoBoard/adc.o
 .debug_info    0x000000000000207d      0x6c6 build_TenzoBoard/dma.o
 .debug_info    0x0000000000002743      0xdbd build_TenzoBoard/fdcan.o
 .debug_info    0x0000000000003500      0xd0c build_TenzoBoard/spi.o
 .debug_info    0x000000000000420c     0x16d5 build_TenzoBoard/tim.o
 .debug_info    0x00000000000058e1     0x146e build_TenzoBoard/usart.o
 .debug_info    0x0000000000006d4f      0x59a build_TenzoBoard/stm32g4xx_it.o
 .debug_info    0x00000000000072e9      0x39a build_TenzoBoard/stm32g4xx_hal_msp.o
 .debug_info    0x0000000000007683     0x394f build_TenzoBoard/stm32g4xx_hal_adc.o
 .debug_info    0x000000000000afd2     0x322f build_TenzoBoard/stm32g4xx_hal_adc_ex.o
 .debug_info    0x000000000000e201      0xd78 build_TenzoBoard/stm32g4xx_hal.o
 .debug_info    0x000000000000ef79     0x1065 build_TenzoBoard/stm32g4xx_hal_rcc.o
 .debug_info    0x000000000000ffde     0x10b9 build_TenzoBoard/stm32g4xx_hal_rcc_ex.o
 .debug_info    0x0000000000011097      0x92d build_TenzoBoard/stm32g4xx_hal_gpio.o
 .debug_info    0x00000000000119c4      0xae8 build_TenzoBoard/stm32g4xx_hal_dma.o
 .debug_info    0x00000000000124ac      0xb1d build_TenzoBoard/stm32g4xx_hal_pwr_ex.o
 .debug_info    0x0000000000012fc9     0x11b7 build_TenzoBoard/stm32g4xx_hal_cortex.o
 .debug_info    0x0000000000014180     0x1f06 build_TenzoBoard/stm32g4xx_hal_fdcan.o
 .debug_info    0x0000000000016086     0x248e build_TenzoBoard/stm32g4xx_hal_spi.o
 .debug_info    0x0000000000018514     0x43e4 build_TenzoBoard/stm32g4xx_hal_tim.o
 .debug_info    0x000000000001c8f8     0x2845 build_TenzoBoard/stm32g4xx_hal_tim_ex.o
 .debug_info    0x000000000001f13d     0x6499 build_TenzoBoard/stm32g4xx_hal_uart.o
 .debug_info    0x00000000000255d6     0x13cf build_TenzoBoard/stm32g4xx_hal_uart_ex.o
 .debug_info    0x00000000000269a5      0x649 build_TenzoBoard/system_stm32g4xx.o
 .debug_info    0x0000000000026fee     0x12a1 build_TenzoBoard/App.o
 .debug_info    0x000000000002828f      0x81a build_TenzoBoard/ProtocolMbRtuSlaveCtrl.o
 .debug_info    0x0000000000028aa9     0x1e83 build_TenzoBoard/BSP.o
 .debug_info    0x000000000002a92c      0x672 build_TenzoBoard/ModbusSS.o
 .debug_info    0x000000000002af9e       0x24 c:/program files/vscodestmtools/arm-none-eabi-gcc/12.2.1-1.2.1/.content/bin/../lib/gcc/arm-none-eabi/12.2.1/thumb/v7e-m+fp/hard\libgcc.a(_aeabi_uldivmod.o)
 .debug_info    0x000000000002afc2      0x6fd c:/program files/vscodestmtools/arm-none-eabi-gcc/12.2.1-1.2.1/.content/bin/../lib/gcc/arm-none-eabi/12.2.1/thumb/v7e-m+fp/hard\libgcc.a(_udivmoddi4.o)
 .debug_info    0x000000000002b6bf       0x39 c:/program files/vscodestmtools/arm-none-eabi-gcc/12.2.1-1.2.1/.content/bin/../lib/gcc/arm-none-eabi/12.2.1/thumb/v7e-m+fp/hard\libgcc.a(_dvmd_tls.o)

.debug_abbrev   0x0000000000000000     0x48a3
 .debug_abbrev  0x0000000000000000      0x19b build_TenzoBoard/main.o
 .debug_abbrev  0x000000000000019b      0x160 build_TenzoBoard/gpio.o
 .debug_abbrev  0x00000000000002fb      0x209 build_TenzoBoard/adc.o
 .debug_abbrev  0x0000000000000504      0x11d build_TenzoBoard/dma.o
 .debug_abbrev  0x0000000000000621      0x1df build_TenzoBoard/fdcan.o
 .debug_abbrev  0x0000000000000800      0x208 build_TenzoBoard/spi.o
 .debug_abbrev  0x0000000000000a08      0x22b build_TenzoBoard/tim.o
 .debug_abbrev  0x0000000000000c33      0x23a build_TenzoBoard/usart.o
 .debug_abbrev  0x0000000000000e6d      0x16b build_TenzoBoard/stm32g4xx_it.o
 .debug_abbrev  0x0000000000000fd8       0xd6 build_TenzoBoard/stm32g4xx_hal_msp.o
 .debug_abbrev  0x00000000000010ae      0x33e build_TenzoBoard/stm32g4xx_hal_adc.o
 .debug_abbrev  0x00000000000013ec      0x3ca build_TenzoBoard/stm32g4xx_hal_adc_ex.o
 .debug_abbrev  0x00000000000017b6      0x298 build_TenzoBoard/stm32g4xx_hal.o
 .debug_abbrev  0x0000000000001a4e      0x2de build_TenzoBoard/stm32g4xx_hal_rcc.o
 .debug_abbrev  0x0000000000001d2c      0x290 build_TenzoBoard/stm32g4xx_hal_rcc_ex.o
 .debug_abbrev  0x0000000000001fbc      0x222 build_TenzoBoard/stm32g4xx_hal_gpio.o
 .debug_abbrev  0x00000000000021de      0x250 build_TenzoBoard/stm32g4xx_hal_dma.o
 .debug_abbrev  0x000000000000242e      0x263 build_TenzoBoard/stm32g4xx_hal_pwr_ex.o
 .debug_abbrev  0x0000000000002691      0x3ca build_TenzoBoard/stm32g4xx_hal_cortex.o
 .debug_abbrev  0x0000000000002a5b      0x218 build_TenzoBoard/stm32g4xx_hal_fdcan.o
 .debug_abbrev  0x0000000000002c73      0x2ac build_TenzoBoard/stm32g4xx_hal_spi.o
 .debug_abbrev  0x0000000000002f1f      0x2c5 build_TenzoBoard/stm32g4xx_hal_tim.o
 .debug_abbrev  0x00000000000031e4      0x2d4 build_TenzoBoard/stm32g4xx_hal_tim_ex.o
 .debug_abbrev  0x00000000000034b8      0x35c build_TenzoBoard/stm32g4xx_hal_uart.o
 .debug_abbrev  0x0000000000003814      0x348 build_TenzoBoard/stm32g4xx_hal_uart_ex.o
 .debug_abbrev  0x0000000000003b5c      0x11b build_TenzoBoard/system_stm32g4xx.o
 .debug_abbrev  0x0000000000003c77      0x2b9 build_TenzoBoard/App.o
 .debug_abbrev  0x0000000000003f30      0x261 build_TenzoBoard/ProtocolMbRtuSlaveCtrl.o
 .debug_abbrev  0x0000000000004191      0x2fc build_TenzoBoard/BSP.o
 .debug_abbrev  0x000000000000448d      0x279 build_TenzoBoard/ModbusSS.o
 .debug_abbrev  0x0000000000004706       0x14 c:/program files/vscodestmtools/arm-none-eabi-gcc/12.2.1-1.2.1/.content/bin/../lib/gcc/arm-none-eabi/12.2.1/thumb/v7e-m+fp/hard\libgcc.a(_aeabi_uldivmod.o)
 .debug_abbrev  0x000000000000471a      0x16a c:/program files/vscodestmtools/arm-none-eabi-gcc/12.2.1-1.2.1/.content/bin/../lib/gcc/arm-none-eabi/12.2.1/thumb/v7e-m+fp/hard\libgcc.a(_udivmoddi4.o)
 .debug_abbrev  0x0000000000004884       0x1f c:/program files/vscodestmtools/arm-none-eabi-gcc/12.2.1-1.2.1/.content/bin/../lib/gcc/arm-none-eabi/12.2.1/thumb/v7e-m+fp/hard\libgcc.a(_dvmd_tls.o)

.debug_loc      0x0000000000000000    0x1f0cb
 .debug_loc     0x0000000000000000       0x66 build_TenzoBoard/main.o
 .debug_loc     0x0000000000000066       0x38 build_TenzoBoard/gpio.o
 .debug_loc     0x000000000000009e      0x14a build_TenzoBoard/adc.o
 .debug_loc     0x00000000000001e8       0x38 build_TenzoBoard/dma.o
 .debug_loc     0x0000000000000220       0xea build_TenzoBoard/fdcan.o
 .debug_loc     0x000000000000030a      0x108 build_TenzoBoard/spi.o
 .debug_loc     0x0000000000000412      0x23c build_TenzoBoard/tim.o
 .debug_loc     0x000000000000064e       0xda build_TenzoBoard/usart.o
 .debug_loc     0x0000000000000728       0x60 build_TenzoBoard/stm32g4xx_it.o
 .debug_loc     0x0000000000000788       0x38 build_TenzoBoard/stm32g4xx_hal_msp.o
 .debug_loc     0x00000000000007c0     0x2b81 build_TenzoBoard/stm32g4xx_hal_adc.o
 .debug_loc     0x0000000000003341     0x28bb build_TenzoBoard/stm32g4xx_hal_adc_ex.o
 .debug_loc     0x0000000000005bfc      0x2af build_TenzoBoard/stm32g4xx_hal.o
 .debug_loc     0x0000000000005eab      0x999 build_TenzoBoard/stm32g4xx_hal_rcc.o
 .debug_loc     0x0000000000006844     0x175f build_TenzoBoard/stm32g4xx_hal_rcc_ex.o
 .debug_loc     0x0000000000007fa3      0x46f build_TenzoBoard/stm32g4xx_hal_gpio.o
 .debug_loc     0x0000000000008412      0x9d0 build_TenzoBoard/stm32g4xx_hal_dma.o
 .debug_loc     0x0000000000008de2      0x8ad build_TenzoBoard/stm32g4xx_hal_pwr_ex.o
 .debug_loc     0x000000000000968f      0x7b9 build_TenzoBoard/stm32g4xx_hal_cortex.o
 .debug_loc     0x0000000000009e48     0x174d build_TenzoBoard/stm32g4xx_hal_fdcan.o
 .debug_loc     0x000000000000b595     0x279d build_TenzoBoard/stm32g4xx_hal_spi.o
 .debug_loc     0x000000000000dd32     0x63aa build_TenzoBoard/stm32g4xx_hal_tim.o
 .debug_loc     0x00000000000140dc     0x3085 build_TenzoBoard/stm32g4xx_hal_tim_ex.o
 .debug_loc     0x0000000000017161     0x6220 build_TenzoBoard/stm32g4xx_hal_uart.o
 .debug_loc     0x000000000001d381      0xe47 build_TenzoBoard/stm32g4xx_hal_uart_ex.o
 .debug_loc     0x000000000001e1c8       0x9d build_TenzoBoard/system_stm32g4xx.o
 .debug_loc     0x000000000001e265      0x35b build_TenzoBoard/App.o
 .debug_loc     0x000000000001e5c0      0x199 build_TenzoBoard/ProtocolMbRtuSlaveCtrl.o
 .debug_loc     0x000000000001e759      0x31c build_TenzoBoard/BSP.o
 .debug_loc     0x000000000001ea75      0x656 build_TenzoBoard/ModbusSS.o

.debug_aranges  0x0000000000000000     0x1870
 .debug_aranges
                0x0000000000000000       0x30 build_TenzoBoard/main.o
 .debug_aranges
                0x0000000000000030       0x20 build_TenzoBoard/gpio.o
 .debug_aranges
                0x0000000000000050       0x30 build_TenzoBoard/adc.o
 .debug_aranges
                0x0000000000000080       0x20 build_TenzoBoard/dma.o
 .debug_aranges
                0x00000000000000a0       0x30 build_TenzoBoard/fdcan.o
 .debug_aranges
                0x00000000000000d0       0x30 build_TenzoBoard/spi.o
 .debug_aranges
                0x0000000000000100       0x48 build_TenzoBoard/tim.o
 .debug_aranges
                0x0000000000000148       0x30 build_TenzoBoard/usart.o
 .debug_aranges
                0x0000000000000178       0x70 build_TenzoBoard/stm32g4xx_it.o
 .debug_aranges
                0x00000000000001e8       0x20 build_TenzoBoard/stm32g4xx_hal_msp.o
 .debug_aranges
                0x0000000000000208      0x120 build_TenzoBoard/stm32g4xx_hal_adc.o
 .debug_aranges
                0x0000000000000328      0x100 build_TenzoBoard/stm32g4xx_hal_adc_ex.o
 .debug_aranges
                0x0000000000000428      0x130 build_TenzoBoard/stm32g4xx_hal.o
 .debug_aranges
                0x0000000000000558       0x98 build_TenzoBoard/stm32g4xx_hal_rcc.o
 .debug_aranges
                0x00000000000005f0       0xb0 build_TenzoBoard/stm32g4xx_hal_rcc_ex.o
 .debug_aranges
                0x00000000000006a0       0x58 build_TenzoBoard/stm32g4xx_hal_gpio.o
 .debug_aranges
                0x00000000000006f8       0x90 build_TenzoBoard/stm32g4xx_hal_dma.o
 .debug_aranges
                0x0000000000000788      0x140 build_TenzoBoard/stm32g4xx_hal_pwr_ex.o
 .debug_aranges
                0x00000000000008c8       0xe0 build_TenzoBoard/stm32g4xx_hal_cortex.o
 .debug_aranges
                0x00000000000009a8      0x208 build_TenzoBoard/stm32g4xx_hal_fdcan.o
 .debug_aranges
                0x0000000000000bb0      0x1d8 build_TenzoBoard/stm32g4xx_hal_spi.o
 .debug_aranges
                0x0000000000000d88      0x3e0 build_TenzoBoard/stm32g4xx_hal_tim.o
 .debug_aranges
                0x0000000000001168      0x240 build_TenzoBoard/stm32g4xx_hal_tim_ex.o
 .debug_aranges
                0x00000000000013a8      0x248 build_TenzoBoard/stm32g4xx_hal_uart.o
 .debug_aranges
                0x00000000000015f0       0xa0 build_TenzoBoard/stm32g4xx_hal_uart_ex.o
 .debug_aranges
                0x0000000000001690       0x28 build_TenzoBoard/system_stm32g4xx.o
 .debug_aranges
                0x00000000000016b8       0x58 build_TenzoBoard/App.o
 .debug_aranges
                0x0000000000001710       0x40 build_TenzoBoard/ProtocolMbRtuSlaveCtrl.o
 .debug_aranges
                0x0000000000001750       0x80 build_TenzoBoard/BSP.o
 .debug_aranges
                0x00000000000017d0       0x40 build_TenzoBoard/ModbusSS.o
 .debug_aranges
                0x0000000000001810       0x20 c:/program files/vscodestmtools/arm-none-eabi-gcc/12.2.1-1.2.1/.content/bin/../lib/gcc/arm-none-eabi/12.2.1/thumb/v7e-m+fp/hard\libgcc.a(_aeabi_uldivmod.o)
 .debug_aranges
                0x0000000000001830       0x20 c:/program files/vscodestmtools/arm-none-eabi-gcc/12.2.1-1.2.1/.content/bin/../lib/gcc/arm-none-eabi/12.2.1/thumb/v7e-m+fp/hard\libgcc.a(_udivmoddi4.o)
 .debug_aranges
                0x0000000000001850       0x20 c:/program files/vscodestmtools/arm-none-eabi-gcc/12.2.1-1.2.1/.content/bin/../lib/gcc/arm-none-eabi/12.2.1/thumb/v7e-m+fp/hard\libgcc.a(_dvmd_tls.o)

.debug_ranges   0x0000000000000000     0x1958
 .debug_ranges  0x0000000000000000       0x20 build_TenzoBoard/main.o
 .debug_ranges  0x0000000000000020       0x10 build_TenzoBoard/gpio.o
 .debug_ranges  0x0000000000000030       0x20 build_TenzoBoard/adc.o
 .debug_ranges  0x0000000000000050       0x10 build_TenzoBoard/dma.o
 .debug_ranges  0x0000000000000060       0x20 build_TenzoBoard/fdcan.o
 .debug_ranges  0x0000000000000080       0x20 build_TenzoBoard/spi.o
 .debug_ranges  0x00000000000000a0       0x38 build_TenzoBoard/tim.o
 .debug_ranges  0x00000000000000d8       0x20 build_TenzoBoard/usart.o
 .debug_ranges  0x00000000000000f8       0x60 build_TenzoBoard/stm32g4xx_it.o
 .debug_ranges  0x0000000000000158       0x10 build_TenzoBoard/stm32g4xx_hal_msp.o
 .debug_ranges  0x0000000000000168      0x260 build_TenzoBoard/stm32g4xx_hal_adc.o
 .debug_ranges  0x00000000000003c8      0x210 build_TenzoBoard/stm32g4xx_hal_adc_ex.o
 .debug_ranges  0x00000000000005d8      0x120 build_TenzoBoard/stm32g4xx_hal.o
 .debug_ranges  0x00000000000006f8       0xa0 build_TenzoBoard/stm32g4xx_hal_rcc.o
 .debug_ranges  0x0000000000000798       0xb8 build_TenzoBoard/stm32g4xx_hal_rcc_ex.o
 .debug_ranges  0x0000000000000850       0x48 build_TenzoBoard/stm32g4xx_hal_gpio.o
 .debug_ranges  0x0000000000000898       0x80 build_TenzoBoard/stm32g4xx_hal_dma.o
 .debug_ranges  0x0000000000000918      0x130 build_TenzoBoard/stm32g4xx_hal_pwr_ex.o
 .debug_ranges  0x0000000000000a48       0xd0 build_TenzoBoard/stm32g4xx_hal_cortex.o
 .debug_ranges  0x0000000000000b18      0x1f8 build_TenzoBoard/stm32g4xx_hal_fdcan.o
 .debug_ranges  0x0000000000000d10      0x1c8 build_TenzoBoard/stm32g4xx_hal_spi.o
 .debug_ranges  0x0000000000000ed8      0x3d0 build_TenzoBoard/stm32g4xx_hal_tim.o
 .debug_ranges  0x00000000000012a8      0x230 build_TenzoBoard/stm32g4xx_hal_tim_ex.o
 .debug_ranges  0x00000000000014d8      0x238 build_TenzoBoard/stm32g4xx_hal_uart.o
 .debug_ranges  0x0000000000001710       0x90 build_TenzoBoard/stm32g4xx_hal_uart_ex.o
 .debug_ranges  0x00000000000017a0       0x18 build_TenzoBoard/system_stm32g4xx.o
 .debug_ranges  0x00000000000017b8       0x68 build_TenzoBoard/App.o
 .debug_ranges  0x0000000000001820       0x30 build_TenzoBoard/ProtocolMbRtuSlaveCtrl.o
 .debug_ranges  0x0000000000001850       0x70 build_TenzoBoard/BSP.o
 .debug_ranges  0x00000000000018c0       0x98 build_TenzoBoard/ModbusSS.o

.debug_line     0x0000000000000000    0x1ff31
 .debug_line    0x0000000000000000      0x32c build_TenzoBoard/main.o
 .debug_line    0x000000000000032c      0x208 build_TenzoBoard/gpio.o
 .debug_line    0x0000000000000534      0x476 build_TenzoBoard/adc.o
 .debug_line    0x00000000000009aa      0x1b5 build_TenzoBoard/dma.o
 .debug_line    0x0000000000000b5f      0x391 build_TenzoBoard/fdcan.o
 .debug_line    0x0000000000000ef0      0x314 build_TenzoBoard/spi.o
 .debug_line    0x0000000000001204      0x597 build_TenzoBoard/tim.o
 .debug_line    0x000000000000179b      0x467 build_TenzoBoard/usart.o
 .debug_line    0x0000000000001c02      0x2fb build_TenzoBoard/stm32g4xx_it.o
 .debug_line    0x0000000000001efd      0x1c1 build_TenzoBoard/stm32g4xx_hal_msp.o
 .debug_line    0x00000000000020be     0x272f build_TenzoBoard/stm32g4xx_hal_adc.o
 .debug_line    0x00000000000047ed     0x21bf build_TenzoBoard/stm32g4xx_hal_adc_ex.o
 .debug_line    0x00000000000069ac      0x6a8 build_TenzoBoard/stm32g4xx_hal.o
 .debug_line    0x0000000000007054      0xe01 build_TenzoBoard/stm32g4xx_hal_rcc.o
 .debug_line    0x0000000000007e55     0x1271 build_TenzoBoard/stm32g4xx_hal_rcc_ex.o
 .debug_line    0x00000000000090c6      0x6c0 build_TenzoBoard/stm32g4xx_hal_gpio.o
 .debug_line    0x0000000000009786      0xc85 build_TenzoBoard/stm32g4xx_hal_dma.o
 .debug_line    0x000000000000a40b      0xa6b build_TenzoBoard/stm32g4xx_hal_pwr_ex.o
 .debug_line    0x000000000000ae76      0x82d build_TenzoBoard/stm32g4xx_hal_cortex.o
 .debug_line    0x000000000000b6a3     0x1a79 build_TenzoBoard/stm32g4xx_hal_fdcan.o
 .debug_line    0x000000000000d11c     0x2943 build_TenzoBoard/stm32g4xx_hal_spi.o
 .debug_line    0x000000000000fa5f     0x51a3 build_TenzoBoard/stm32g4xx_hal_tim.o
 .debug_line    0x0000000000014c02     0x2662 build_TenzoBoard/stm32g4xx_hal_tim_ex.o
 .debug_line    0x0000000000017264     0x6356 build_TenzoBoard/stm32g4xx_hal_uart.o
 .debug_line    0x000000000001d5ba      0xd20 build_TenzoBoard/stm32g4xx_hal_uart_ex.o
 .debug_line    0x000000000001e2da      0x26a build_TenzoBoard/system_stm32g4xx.o
 .debug_line    0x000000000001e544      0x622 build_TenzoBoard/App.o
 .debug_line    0x000000000001eb66      0x25e build_TenzoBoard/ProtocolMbRtuSlaveCtrl.o
 .debug_line    0x000000000001edc4      0x610 build_TenzoBoard/BSP.o
 .debug_line    0x000000000001f3d4      0x510 build_TenzoBoard/ModbusSS.o
 .debug_line    0x000000000001f8e4       0x4e c:/program files/vscodestmtools/arm-none-eabi-gcc/12.2.1-1.2.1/.content/bin/../lib/gcc/arm-none-eabi/12.2.1/thumb/v7e-m+fp/hard\libgcc.a(_aeabi_uldivmod.o)
 .debug_line    0x000000000001f932      0x5b5 c:/program files/vscodestmtools/arm-none-eabi-gcc/12.2.1-1.2.1/.content/bin/../lib/gcc/arm-none-eabi/12.2.1/thumb/v7e-m+fp/hard\libgcc.a(_udivmoddi4.o)
 .debug_line    0x000000000001fee7       0x4a c:/program files/vscodestmtools/arm-none-eabi-gcc/12.2.1-1.2.1/.content/bin/../lib/gcc/arm-none-eabi/12.2.1/thumb/v7e-m+fp/hard\libgcc.a(_dvmd_tls.o)

.debug_str      0x0000000000000000     0x8a43
 .debug_str     0x0000000000000000      0x381 build_TenzoBoard/main.o
                                        0x3d4 (size before relaxing)
 .debug_str     0x0000000000000381      0x221 build_TenzoBoard/gpio.o
                                        0x3a4 (size before relaxing)
 .debug_str     0x00000000000005a2      0xf31 build_TenzoBoard/adc.o
                                       0x136d (size before relaxing)
 .debug_str     0x00000000000014d3        0xf build_TenzoBoard/dma.o
                                        0x931 (size before relaxing)
 .debug_str     0x00000000000014e2      0x32c build_TenzoBoard/fdcan.o
                                        0x945 (size before relaxing)
 .debug_str     0x000000000000180e      0x21b build_TenzoBoard/spi.o
                                        0x8da (size before relaxing)
 .debug_str     0x0000000000001a29      0x5e7 build_TenzoBoard/tim.o
                                       0x1365 (size before relaxing)
 .debug_str     0x0000000000002010      0x29b build_TenzoBoard/usart.o
                                       0x122a (size before relaxing)
 .debug_str     0x00000000000022ab       0xf9 build_TenzoBoard/stm32g4xx_it.o
                                        0x554 (size before relaxing)
 .debug_str     0x00000000000023a4       0x4a build_TenzoBoard/stm32g4xx_hal_msp.o
                                        0x306 (size before relaxing)
 .debug_str     0x00000000000023ee      0xa60 build_TenzoBoard/stm32g4xx_hal_adc.o
                                       0x12e3 (size before relaxing)
 .debug_str     0x0000000000002e4e      0x463 build_TenzoBoard/stm32g4xx_hal_adc_ex.o
                                       0x12bd (size before relaxing)
 .debug_str     0x00000000000032b1      0x449 build_TenzoBoard/stm32g4xx_hal.o
                                        0xdf0 (size before relaxing)
 .debug_str     0x00000000000036fa      0x326 build_TenzoBoard/stm32g4xx_hal_rcc.o
                                        0x82d (size before relaxing)
 .debug_str     0x0000000000003a20      0x3b9 build_TenzoBoard/stm32g4xx_hal_rcc_ex.o
                                        0xa3d (size before relaxing)
 .debug_str     0x0000000000003dd9       0xc7 build_TenzoBoard/stm32g4xx_hal_gpio.o
                                        0x518 (size before relaxing)
 .debug_str     0x0000000000003ea0      0x27d build_TenzoBoard/stm32g4xx_hal_dma.o
                                        0x779 (size before relaxing)
 .debug_str     0x000000000000411d      0x4c3 build_TenzoBoard/stm32g4xx_hal_pwr_ex.o
                                        0x7ba (size before relaxing)
 .debug_str     0x00000000000045e0      0x41a build_TenzoBoard/stm32g4xx_hal_cortex.o
                                        0xd35 (size before relaxing)
 .debug_str     0x00000000000049fa      0xbcf build_TenzoBoard/stm32g4xx_hal_fdcan.o
                                       0x11ef (size before relaxing)
 .debug_str     0x00000000000055c9      0x555 build_TenzoBoard/stm32g4xx_hal_spi.o
                                        0xcbe (size before relaxing)
 .debug_str     0x0000000000005b1e      0xeb6 build_TenzoBoard/stm32g4xx_hal_tim.o
                                       0x186d (size before relaxing)
 .debug_str     0x00000000000069d4      0x7e0 build_TenzoBoard/stm32g4xx_hal_tim_ex.o
                                       0x14f0 (size before relaxing)
 .debug_str     0x00000000000071b4      0x85c build_TenzoBoard/stm32g4xx_hal_uart.o
                                       0x11da (size before relaxing)
 .debug_str     0x0000000000007a10      0x225 build_TenzoBoard/stm32g4xx_hal_uart_ex.o
                                        0xaf4 (size before relaxing)
 .debug_str     0x0000000000007c35       0x3d build_TenzoBoard/system_stm32g4xx.o
                                        0x39f (size before relaxing)
 .debug_str     0x0000000000007c72      0x1e8 build_TenzoBoard/App.o
                                        0xa57 (size before relaxing)
 .debug_str     0x0000000000007e5a      0x32c build_TenzoBoard/ProtocolMbRtuSlaveCtrl.o
                                        0x623 (size before relaxing)
 .debug_str     0x0000000000008186       0xdb build_TenzoBoard/BSP.o
                                       0x120a (size before relaxing)
 .debug_str     0x0000000000008261       0x64 build_TenzoBoard/ModbusSS.o
                                        0x326 (size before relaxing)
 .debug_str     0x00000000000082c5      0x120 c:/program files/vscodestmtools/arm-none-eabi-gcc/12.2.1-1.2.1/.content/bin/../lib/gcc/arm-none-eabi/12.2.1/thumb/v7e-m+fp/hard\libgcc.a(_aeabi_uldivmod.o)
 .debug_str     0x00000000000083e5      0x5d3 c:/program files/vscodestmtools/arm-none-eabi-gcc/12.2.1-1.2.1/.content/bin/../lib/gcc/arm-none-eabi/12.2.1/thumb/v7e-m+fp/hard\libgcc.a(_udivmoddi4.o)
                                        0x72a (size before relaxing)
 .debug_str     0x00000000000089b8       0x8b c:/program files/vscodestmtools/arm-none-eabi-gcc/12.2.1-1.2.1/.content/bin/../lib/gcc/arm-none-eabi/12.2.1/thumb/v7e-m+fp/hard\libgcc.a(_dvmd_tls.o)
                                        0x140 (size before relaxing)

.debug_frame    0x0000000000000000     0x3e7c
 .debug_frame   0x0000000000000000       0x58 build_TenzoBoard/main.o
 .debug_frame   0x0000000000000058       0x34 build_TenzoBoard/gpio.o
 .debug_frame   0x000000000000008c       0x6c build_TenzoBoard/adc.o
 .debug_frame   0x00000000000000f8       0x2c build_TenzoBoard/dma.o
 .debug_frame   0x0000000000000124       0x60 build_TenzoBoard/fdcan.o
 .debug_frame   0x0000000000000184       0x60 build_TenzoBoard/spi.o
 .debug_frame   0x00000000000001e4       0xcc build_TenzoBoard/tim.o
 .debug_frame   0x00000000000002b0       0x64 build_TenzoBoard/usart.o
 .debug_frame   0x0000000000000314       0xd8 build_TenzoBoard/stm32g4xx_it.o
 .debug_frame   0x00000000000003ec       0x2c build_TenzoBoard/stm32g4xx_hal_msp.o
 .debug_frame   0x0000000000000418      0x33c build_TenzoBoard/stm32g4xx_hal_adc.o
 .debug_frame   0x0000000000000754      0x2f0 build_TenzoBoard/stm32g4xx_hal_adc_ex.o
 .debug_frame   0x0000000000000a44      0x274 build_TenzoBoard/stm32g4xx_hal.o
 .debug_frame   0x0000000000000cb8      0x198 build_TenzoBoard/stm32g4xx_hal_rcc.o
 .debug_frame   0x0000000000000e50      0x1a0 build_TenzoBoard/stm32g4xx_hal_rcc_ex.o
 .debug_frame   0x0000000000000ff0       0xd0 build_TenzoBoard/stm32g4xx_hal_gpio.o
 .debug_frame   0x00000000000010c0      0x170 build_TenzoBoard/stm32g4xx_hal_dma.o
 .debug_frame   0x0000000000001230      0x268 build_TenzoBoard/stm32g4xx_hal_pwr_ex.o
 .debug_frame   0x0000000000001498      0x1e4 build_TenzoBoard/stm32g4xx_hal_cortex.o
 .debug_frame   0x000000000000167c      0x4b8 build_TenzoBoard/stm32g4xx_hal_fdcan.o
 .debug_frame   0x0000000000001b34      0x5d8 build_TenzoBoard/stm32g4xx_hal_spi.o
 .debug_frame   0x000000000000210c      0xb54 build_TenzoBoard/stm32g4xx_hal_tim.o
 .debug_frame   0x0000000000002c60      0x620 build_TenzoBoard/stm32g4xx_hal_tim_ex.o
 .debug_frame   0x0000000000003280      0x67c build_TenzoBoard/stm32g4xx_hal_uart.o
 .debug_frame   0x00000000000038fc      0x1c8 build_TenzoBoard/stm32g4xx_hal_uart_ex.o
 .debug_frame   0x0000000000003ac4       0x30 build_TenzoBoard/system_stm32g4xx.o
 .debug_frame   0x0000000000003af4       0xd0 build_TenzoBoard/App.o
 .debug_frame   0x0000000000003bc4       0x84 build_TenzoBoard/ProtocolMbRtuSlaveCtrl.o
 .debug_frame   0x0000000000003c48      0x134 build_TenzoBoard/BSP.o
 .debug_frame   0x0000000000003d7c       0xa0 build_TenzoBoard/ModbusSS.o
 .debug_frame   0x0000000000003e1c       0x2c c:/program files/vscodestmtools/arm-none-eabi-gcc/12.2.1-1.2.1/.content/bin/../lib/gcc/arm-none-eabi/12.2.1/thumb/v7e-m+fp/hard\libgcc.a(_aeabi_uldivmod.o)
 .debug_frame   0x0000000000003e48       0x34 c:/program files/vscodestmtools/arm-none-eabi-gcc/12.2.1-1.2.1/.content/bin/../lib/gcc/arm-none-eabi/12.2.1/thumb/v7e-m+fp/hard\libgcc.a(_udivmoddi4.o)

.debug_line_str
                0x0000000000000000      0x11e
 .debug_line_str
                0x0000000000000000      0x112 c:/program files/vscodestmtools/arm-none-eabi-gcc/12.2.1-1.2.1/.content/bin/../lib/gcc/arm-none-eabi/12.2.1/thumb/v7e-m+fp/hard\libgcc.a(_aeabi_uldivmod.o)
 .debug_line_str
                0x0000000000000112        0xc c:/program files/vscodestmtools/arm-none-eabi-gcc/12.2.1-1.2.1/.content/bin/../lib/gcc/arm-none-eabi/12.2.1/thumb/v7e-m+fp/hard\libgcc.a(_dvmd_tls.o)
                                        0x116 (size before relaxing)

.debug_loclists
                0x0000000000000000      0x9bd
 .debug_loclists
                0x0000000000000000      0x9bd c:/program files/vscodestmtools/arm-none-eabi-gcc/12.2.1-1.2.1/.content/bin/../lib/gcc/arm-none-eabi/12.2.1/thumb/v7e-m+fp/hard\libgcc.a(_udivmoddi4.o)

.debug_rnglists
                0x0000000000000000       0x9b
 .debug_rnglists
                0x0000000000000000       0x9b c:/program files/vscodestmtools/arm-none-eabi-gcc/12.2.1-1.2.1/.content/bin/../lib/gcc/arm-none-eabi/12.2.1/thumb/v7e-m+fp/hard\libgcc.a(_udivmoddi4.o)

Cross Reference Table

Symbol                                            File
ADC1_2_IRQHandler                                 build_TenzoBoard/BSP.o
                                                  build_TenzoBoard/startup_stm32g474xx.o
ADC3_IRQHandler                                   build_TenzoBoard/startup_stm32g474xx.o
ADC4_IRQHandler                                   build_TenzoBoard/startup_stm32g474xx.o
ADC5_IRQHandler                                   build_TenzoBoard/startup_stm32g474xx.o
ADC_ConversionStop                                build_TenzoBoard/stm32g4xx_hal_adc.o
                                                  build_TenzoBoard/stm32g4xx_hal_adc_ex.o
ADC_DMAConvCplt                                   build_TenzoBoard/stm32g4xx_hal_adc.o
                                                  build_TenzoBoard/stm32g4xx_hal_adc_ex.o
ADC_DMAError                                      build_TenzoBoard/stm32g4xx_hal_adc.o
                                                  build_TenzoBoard/stm32g4xx_hal_adc_ex.o
ADC_DMAHalfConvCplt                               build_TenzoBoard/stm32g4xx_hal_adc.o
                                                  build_TenzoBoard/stm32g4xx_hal_adc_ex.o
ADC_Disable                                       build_TenzoBoard/stm32g4xx_hal_adc.o
                                                  build_TenzoBoard/stm32g4xx_hal_adc_ex.o
ADC_Enable                                        build_TenzoBoard/stm32g4xx_hal_adc.o
                                                  build_TenzoBoard/stm32g4xx_hal_adc_ex.o
AHBPrescTable                                     build_TenzoBoard/system_stm32g4xx.o
                                                  build_TenzoBoard/stm32g4xx_hal_rcc.o
APBPrescTable                                     build_TenzoBoard/system_stm32g4xx.o
                                                  build_TenzoBoard/stm32g4xx_hal_rcc.o
App                                               build_TenzoBoard/App.o
                                                  build_TenzoBoard/ProtocolMbRtuSlaveCtrl.o
BusFault_Handler                                  build_TenzoBoard/stm32g4xx_it.o
                                                  build_TenzoBoard/startup_stm32g474xx.o
COMP1_2_3_IRQHandler                              build_TenzoBoard/startup_stm32g474xx.o
COMP4_5_6_IRQHandler                              build_TenzoBoard/startup_stm32g474xx.o
COMP7_IRQHandler                                  build_TenzoBoard/startup_stm32g474xx.o
CORDIC_IRQHandler                                 build_TenzoBoard/startup_stm32g474xx.o
CRS_IRQHandler                                    build_TenzoBoard/startup_stm32g474xx.o
DMA1_Channel1_IRQHandler                          build_TenzoBoard/stm32g4xx_it.o
                                                  build_TenzoBoard/startup_stm32g474xx.o
DMA1_Channel2_IRQHandler                          build_TenzoBoard/stm32g4xx_it.o
                                                  build_TenzoBoard/startup_stm32g474xx.o
DMA1_Channel3_IRQHandler                          build_TenzoBoard/startup_stm32g474xx.o
DMA1_Channel4_IRQHandler                          build_TenzoBoard/startup_stm32g474xx.o
DMA1_Channel5_IRQHandler                          build_TenzoBoard/startup_stm32g474xx.o
DMA1_Channel6_IRQHandler                          build_TenzoBoard/startup_stm32g474xx.o
DMA1_Channel7_IRQHandler                          build_TenzoBoard/startup_stm32g474xx.o
DMA1_Channel8_IRQHandler                          build_TenzoBoard/startup_stm32g474xx.o
DMA2_Channel1_IRQHandler                          build_TenzoBoard/startup_stm32g474xx.o
DMA2_Channel2_IRQHandler                          build_TenzoBoard/startup_stm32g474xx.o
DMA2_Channel3_IRQHandler                          build_TenzoBoard/startup_stm32g474xx.o
DMA2_Channel4_IRQHandler                          build_TenzoBoard/startup_stm32g474xx.o
DMA2_Channel5_IRQHandler                          build_TenzoBoard/startup_stm32g474xx.o
DMA2_Channel6_IRQHandler                          build_TenzoBoard/startup_stm32g474xx.o
DMA2_Channel7_IRQHandler                          build_TenzoBoard/startup_stm32g474xx.o
DMA2_Channel8_IRQHandler                          build_TenzoBoard/startup_stm32g474xx.o
DMAMUX_OVR_IRQHandler                             build_TenzoBoard/startup_stm32g474xx.o
DebugMon_Handler                                  build_TenzoBoard/stm32g4xx_it.o
                                                  build_TenzoBoard/startup_stm32g474xx.o
Default_Handler                                   build_TenzoBoard/startup_stm32g474xx.o
EXTI0_IRQHandler                                  build_TenzoBoard/startup_stm32g474xx.o
EXTI15_10_IRQHandler                              build_TenzoBoard/startup_stm32g474xx.o
EXTI1_IRQHandler                                  build_TenzoBoard/startup_stm32g474xx.o
EXTI2_IRQHandler                                  build_TenzoBoard/startup_stm32g474xx.o
EXTI3_IRQHandler                                  build_TenzoBoard/startup_stm32g474xx.o
EXTI4_IRQHandler                                  build_TenzoBoard/startup_stm32g474xx.o
EXTI9_5_IRQHandler                                build_TenzoBoard/startup_stm32g474xx.o
Error_Handler                                     build_TenzoBoard/main.o
                                                  build_TenzoBoard/BSP.o
                                                  build_TenzoBoard/usart.o
                                                  build_TenzoBoard/tim.o
                                                  build_TenzoBoard/spi.o
                                                  build_TenzoBoard/fdcan.o
                                                  build_TenzoBoard/adc.o
FDCAN1_IT0_IRQHandler                             build_TenzoBoard/startup_stm32g474xx.o
FDCAN1_IT1_IRQHandler                             build_TenzoBoard/startup_stm32g474xx.o
FDCAN2_IT0_IRQHandler                             build_TenzoBoard/startup_stm32g474xx.o
FDCAN2_IT1_IRQHandler                             build_TenzoBoard/startup_stm32g474xx.o
FDCAN3_IT0_IRQHandler                             build_TenzoBoard/startup_stm32g474xx.o
FDCAN3_IT1_IRQHandler                             build_TenzoBoard/startup_stm32g474xx.o
FLASH_FlushCaches                                 build_TenzoBoard/stm32g4xx_hal_flash_ex.o
                                                  build_TenzoBoard/stm32g4xx_hal_flash.o
FLASH_IRQHandler                                  build_TenzoBoard/startup_stm32g474xx.o
FLASH_PageErase                                   build_TenzoBoard/stm32g4xx_hal_flash_ex.o
                                                  build_TenzoBoard/stm32g4xx_hal_flash.o
FLASH_WaitForLastOperation                        build_TenzoBoard/stm32g4xx_hal_flash.o
                                                  build_TenzoBoard/stm32g4xx_hal_flash_ex.o
FMAC_IRQHandler                                   build_TenzoBoard/startup_stm32g474xx.o
FMC_IRQHandler                                    build_TenzoBoard/startup_stm32g474xx.o
FPU_IRQHandler                                    build_TenzoBoard/startup_stm32g474xx.o
HAL_ADCEx_Calibration_GetValue                    build_TenzoBoard/stm32g4xx_hal_adc_ex.o
HAL_ADCEx_Calibration_SetValue                    build_TenzoBoard/stm32g4xx_hal_adc_ex.o
HAL_ADCEx_Calibration_Start                       build_TenzoBoard/stm32g4xx_hal_adc_ex.o
                                                  build_TenzoBoard/BSP.o
HAL_ADCEx_DisableInjectedQueue                    build_TenzoBoard/stm32g4xx_hal_adc_ex.o
HAL_ADCEx_DisableVoltageRegulator                 build_TenzoBoard/stm32g4xx_hal_adc_ex.o
HAL_ADCEx_EnableInjectedQueue                     build_TenzoBoard/stm32g4xx_hal_adc_ex.o
HAL_ADCEx_EndOfSamplingCallback                   build_TenzoBoard/stm32g4xx_hal_adc_ex.o
                                                  build_TenzoBoard/stm32g4xx_hal_adc.o
HAL_ADCEx_EnterADCDeepPowerDownMode               build_TenzoBoard/stm32g4xx_hal_adc_ex.o
HAL_ADCEx_InjectedConfigChannel                   build_TenzoBoard/stm32g4xx_hal_adc_ex.o
                                                  build_TenzoBoard/adc.o
HAL_ADCEx_InjectedConvCpltCallback                build_TenzoBoard/stm32g4xx_hal_adc_ex.o
                                                  build_TenzoBoard/stm32g4xx_hal_adc.o
HAL_ADCEx_InjectedGetValue                        build_TenzoBoard/stm32g4xx_hal_adc_ex.o
                                                  build_TenzoBoard/App.o
HAL_ADCEx_InjectedPollForConversion               build_TenzoBoard/stm32g4xx_hal_adc_ex.o
HAL_ADCEx_InjectedQueueOverflowCallback           build_TenzoBoard/stm32g4xx_hal_adc_ex.o
                                                  build_TenzoBoard/stm32g4xx_hal_adc.o
HAL_ADCEx_InjectedStart                           build_TenzoBoard/stm32g4xx_hal_adc_ex.o
HAL_ADCEx_InjectedStart_IT                        build_TenzoBoard/stm32g4xx_hal_adc_ex.o
                                                  build_TenzoBoard/BSP.o
HAL_ADCEx_InjectedStop                            build_TenzoBoard/stm32g4xx_hal_adc_ex.o
HAL_ADCEx_InjectedStop_IT                         build_TenzoBoard/stm32g4xx_hal_adc_ex.o
HAL_ADCEx_LevelOutOfWindow2Callback               build_TenzoBoard/stm32g4xx_hal_adc_ex.o
                                                  build_TenzoBoard/stm32g4xx_hal_adc.o
HAL_ADCEx_LevelOutOfWindow3Callback               build_TenzoBoard/stm32g4xx_hal_adc_ex.o
                                                  build_TenzoBoard/stm32g4xx_hal_adc.o
HAL_ADCEx_MultiModeConfigChannel                  build_TenzoBoard/stm32g4xx_hal_adc_ex.o
HAL_ADCEx_MultiModeGetValue                       build_TenzoBoard/stm32g4xx_hal_adc_ex.o
HAL_ADCEx_MultiModeStart_DMA                      build_TenzoBoard/stm32g4xx_hal_adc_ex.o
HAL_ADCEx_MultiModeStop_DMA                       build_TenzoBoard/stm32g4xx_hal_adc_ex.o
HAL_ADCEx_RegularMultiModeStop_DMA                build_TenzoBoard/stm32g4xx_hal_adc_ex.o
HAL_ADCEx_RegularStop                             build_TenzoBoard/stm32g4xx_hal_adc_ex.o
HAL_ADCEx_RegularStop_DMA                         build_TenzoBoard/stm32g4xx_hal_adc_ex.o
HAL_ADCEx_RegularStop_IT                          build_TenzoBoard/stm32g4xx_hal_adc_ex.o
HAL_ADC_AnalogWDGConfig                           build_TenzoBoard/stm32g4xx_hal_adc.o
HAL_ADC_ConfigChannel                             build_TenzoBoard/stm32g4xx_hal_adc.o
HAL_ADC_ConvCpltCallback                          build_TenzoBoard/stm32g4xx_hal_adc.o
HAL_ADC_ConvHalfCpltCallback                      build_TenzoBoard/stm32g4xx_hal_adc.o
HAL_ADC_DeInit                                    build_TenzoBoard/stm32g4xx_hal_adc.o
HAL_ADC_ErrorCallback                             build_TenzoBoard/stm32g4xx_hal_adc.o
HAL_ADC_GetError                                  build_TenzoBoard/stm32g4xx_hal_adc.o
HAL_ADC_GetState                                  build_TenzoBoard/stm32g4xx_hal_adc.o
HAL_ADC_GetValue                                  build_TenzoBoard/stm32g4xx_hal_adc.o
HAL_ADC_IRQHandler                                build_TenzoBoard/stm32g4xx_hal_adc.o
HAL_ADC_Init                                      build_TenzoBoard/stm32g4xx_hal_adc.o
                                                  build_TenzoBoard/adc.o
HAL_ADC_LevelOutOfWindowCallback                  build_TenzoBoard/stm32g4xx_hal_adc.o
HAL_ADC_MspDeInit                                 build_TenzoBoard/adc.o
HAL_ADC_MspInit                                   build_TenzoBoard/adc.o
HAL_ADC_PollForConversion                         build_TenzoBoard/stm32g4xx_hal_adc.o
HAL_ADC_PollForEvent                              build_TenzoBoard/stm32g4xx_hal_adc.o
HAL_ADC_Start                                     build_TenzoBoard/stm32g4xx_hal_adc.o
HAL_ADC_StartSampling                             build_TenzoBoard/stm32g4xx_hal_adc.o
HAL_ADC_Start_DMA                                 build_TenzoBoard/stm32g4xx_hal_adc.o
HAL_ADC_Start_IT                                  build_TenzoBoard/stm32g4xx_hal_adc.o
HAL_ADC_Stop                                      build_TenzoBoard/stm32g4xx_hal_adc.o
HAL_ADC_StopSampling                              build_TenzoBoard/stm32g4xx_hal_adc.o
HAL_ADC_Stop_DMA                                  build_TenzoBoard/stm32g4xx_hal_adc.o
HAL_ADC_Stop_IT                                   build_TenzoBoard/stm32g4xx_hal_adc.o
HAL_DBGMCU_DisableDBGSleepMode                    build_TenzoBoard/stm32g4xx_hal.o
HAL_DBGMCU_DisableDBGStandbyMode                  build_TenzoBoard/stm32g4xx_hal.o
HAL_DBGMCU_DisableDBGStopMode                     build_TenzoBoard/stm32g4xx_hal.o
HAL_DBGMCU_EnableDBGSleepMode                     build_TenzoBoard/stm32g4xx_hal.o
HAL_DBGMCU_EnableDBGStandbyMode                   build_TenzoBoard/stm32g4xx_hal.o
HAL_DBGMCU_EnableDBGStopMode                      build_TenzoBoard/stm32g4xx_hal.o
HAL_DMAEx_ConfigMuxRequestGenerator               build_TenzoBoard/stm32g4xx_hal_dma_ex.o
HAL_DMAEx_ConfigMuxSync                           build_TenzoBoard/stm32g4xx_hal_dma_ex.o
HAL_DMAEx_DisableMuxRequestGenerator              build_TenzoBoard/stm32g4xx_hal_dma_ex.o
HAL_DMAEx_EnableMuxRequestGenerator               build_TenzoBoard/stm32g4xx_hal_dma_ex.o
HAL_DMAEx_MUX_IRQHandler                          build_TenzoBoard/stm32g4xx_hal_dma_ex.o
HAL_DMA_Abort                                     build_TenzoBoard/stm32g4xx_hal_dma.o
                                                  build_TenzoBoard/stm32g4xx_hal_uart.o
                                                  build_TenzoBoard/stm32g4xx_hal_spi.o
                                                  build_TenzoBoard/stm32g4xx_hal_adc_ex.o
                                                  build_TenzoBoard/stm32g4xx_hal_adc.o
HAL_DMA_Abort_IT                                  build_TenzoBoard/stm32g4xx_hal_dma.o
                                                  build_TenzoBoard/stm32g4xx_hal_uart.o
                                                  build_TenzoBoard/stm32g4xx_hal_tim_ex.o
                                                  build_TenzoBoard/stm32g4xx_hal_tim.o
                                                  build_TenzoBoard/stm32g4xx_hal_spi.o
HAL_DMA_DeInit                                    build_TenzoBoard/stm32g4xx_hal_dma.o
                                                  build_TenzoBoard/usart.o
HAL_DMA_GetError                                  build_TenzoBoard/stm32g4xx_hal_dma.o
                                                  build_TenzoBoard/stm32g4xx_hal_uart.o
HAL_DMA_GetState                                  build_TenzoBoard/stm32g4xx_hal_dma.o
HAL_DMA_IRQHandler                                build_TenzoBoard/stm32g4xx_hal_dma.o
                                                  build_TenzoBoard/stm32g4xx_it.o
HAL_DMA_Init                                      build_TenzoBoard/stm32g4xx_hal_dma.o
                                                  build_TenzoBoard/usart.o
HAL_DMA_PollForTransfer                           build_TenzoBoard/stm32g4xx_hal_dma.o
HAL_DMA_RegisterCallback                          build_TenzoBoard/stm32g4xx_hal_dma.o
HAL_DMA_Start                                     build_TenzoBoard/stm32g4xx_hal_dma.o
                                                  build_TenzoBoard/BSP.o
HAL_DMA_Start_IT                                  build_TenzoBoard/stm32g4xx_hal_dma.o
                                                  build_TenzoBoard/stm32g4xx_hal_uart.o
                                                  build_TenzoBoard/stm32g4xx_hal_tim_ex.o
                                                  build_TenzoBoard/stm32g4xx_hal_tim.o
                                                  build_TenzoBoard/stm32g4xx_hal_spi.o
                                                  build_TenzoBoard/stm32g4xx_hal_adc_ex.o
                                                  build_TenzoBoard/stm32g4xx_hal_adc.o
HAL_DMA_UnRegisterCallback                        build_TenzoBoard/stm32g4xx_hal_dma.o
HAL_DeInit                                        build_TenzoBoard/stm32g4xx_hal.o
HAL_Delay                                         build_TenzoBoard/stm32g4xx_hal.o